Component: ARM Compiler 5.06 update 6 (build 750) Tool: armlink [4d35ed]

==============================================================================

Section Cross References

    startup_stm32f031x6.o(RESET) refers to startup_stm32f031x6.o(STACK) for __initial_sp
    startup_stm32f031x6.o(RESET) refers to startup_stm32f031x6.o(.text) for Reset_Handler
    startup_stm32f031x6.o(RESET) refers to stm32f0xx_it.o(i.NMI_Handler) for NMI_Handler
    startup_stm32f031x6.o(RESET) refers to stm32f0xx_it.o(i.HardFault_Handler) for HardFault_Handler
    startup_stm32f031x6.o(RESET) refers to stm32f0xx_it.o(i.SVC_Handler) for SVC_Handler
    startup_stm32f031x6.o(RESET) refers to stm32f0xx_it.o(i.PendSV_Handler) for PendSV_Handler
    startup_stm32f031x6.o(RESET) refers to stm32f0xx_it.o(i.SysTick_Handler) for SysTick_Handler
    startup_stm32f031x6.o(RESET) refers to stm32f0xx_it.o(i.EXTI0_1_IRQHandler) for EXTI0_1_IRQHandler
    startup_stm32f031x6.o(RESET) refers to stm32f0xx_it.o(i.EXTI2_3_IRQHandler) for EXTI2_3_IRQHandler
    startup_stm32f031x6.o(RESET) refers to stm32f0xx_it.o(i.DMA1_Channel1_IRQHandler) for DMA1_Channel1_IRQHandler
    startup_stm32f031x6.o(RESET) refers to stm32f0xx_it.o(i.TIM3_IRQHandler) for TIM3_IRQHandler
    startup_stm32f031x6.o(.text) refers to system_stm32f0xx.o(i.SystemInit) for SystemInit
    startup_stm32f031x6.o(.text) refers to entry.o(.ARM.Collect$$$$00000000) for __main
    bldc.o(i.HAL_GPIO_EXTI_Callback) refers to bldc.o(i.do_exti_handler) for do_exti_handler
    bldc.o(i.Motor_SyncRun) refers to bldc.o(i.__ARM_common_switch8) for __ARM_common_switch8
    bldc.o(i.Motor_SyncRun) refers to stm32f0xx_hal_tim.o(i.HAL_TIM_PWM_Start) for HAL_TIM_PWM_Start
    bldc.o(i.Motor_SyncRun) refers to stm32f0xx_hal_tim.o(i.HAL_TIM_PWM_Stop) for HAL_TIM_PWM_Stop
    bldc.o(i.Motor_SyncRun) refers to stm32f0xx_hal_gpio.o(i.HAL_GPIO_WritePin) for HAL_GPIO_WritePin
    bldc.o(i.Motor_SyncRun) refers to bldc.o(i.V_INTERRUPT) for V_INTERRUPT
    bldc.o(i.Motor_SyncRun) refers to bldc.o(i.U_INTERRUPT) for U_INTERRUPT
    bldc.o(i.Motor_SyncRun) refers to bldc.o(i.W_INTERRUPT) for W_INTERRUPT
    bldc.o(i.Motor_SyncRun) refers to main.o(.bss) for htim1
    bldc.o(i._U_commutation) refers to bldc.o(i.get_bemf_U_stat) for get_bemf_U_stat
    bldc.o(i._U_commutation) refers to ctrl.o(i.get_current_dir) for get_current_dir
    bldc.o(i._U_commutation) refers to ctrl.o(i.get_current_phase) for get_current_phase
    bldc.o(i._U_commutation) refers to stm32f0xx_hal_tim.o(i.HAL_TIM_PWM_Start) for HAL_TIM_PWM_Start
    bldc.o(i._U_commutation) refers to stm32f0xx_hal_tim.o(i.HAL_TIM_PWM_Stop) for HAL_TIM_PWM_Stop
    bldc.o(i._U_commutation) refers to stm32f0xx_hal_gpio.o(i.HAL_GPIO_WritePin) for HAL_GPIO_WritePin
    bldc.o(i._U_commutation) refers to bldc.o(i.W_INTERRUPT) for W_INTERRUPT
    bldc.o(i._U_commutation) refers to ctrl.o(i.set_current_phase) for set_current_phase
    bldc.o(i._U_commutation) refers to bldc.o(i.get_commutation_counter) for get_commutation_counter
    bldc.o(i._U_commutation) refers to ctrl.o(i.clean_force_comm_counter) for clean_force_comm_counter
    bldc.o(i._U_commutation) refers to bldc.o(i.V_INTERRUPT) for V_INTERRUPT
    bldc.o(i._U_commutation) refers to bldc.o(.data) for bemf_commutate_enable
    bldc.o(i._U_commutation) refers to main.o(.bss) for htim1
    bldc.o(i._V_commutation) refers to bldc.o(i.get_bemf_V_stat) for get_bemf_V_stat
    bldc.o(i._V_commutation) refers to ctrl.o(i.get_current_dir) for get_current_dir
    bldc.o(i._V_commutation) refers to ctrl.o(i.get_current_phase) for get_current_phase
    bldc.o(i._V_commutation) refers to stm32f0xx_hal_gpio.o(i.HAL_GPIO_WritePin) for HAL_GPIO_WritePin
    bldc.o(i._V_commutation) refers to stm32f0xx_hal_tim.o(i.HAL_TIM_PWM_Start) for HAL_TIM_PWM_Start
    bldc.o(i._V_commutation) refers to stm32f0xx_hal_tim.o(i.HAL_TIM_PWM_Stop) for HAL_TIM_PWM_Stop
    bldc.o(i._V_commutation) refers to bldc.o(i.U_INTERRUPT) for U_INTERRUPT
    bldc.o(i._V_commutation) refers to ctrl.o(i.set_current_phase) for set_current_phase
    bldc.o(i._V_commutation) refers to bldc.o(i.get_commutation_counter) for get_commutation_counter
    bldc.o(i._V_commutation) refers to ctrl.o(i.clean_force_comm_counter) for clean_force_comm_counter
    bldc.o(i._V_commutation) refers to bldc.o(i.W_INTERRUPT) for W_INTERRUPT
    bldc.o(i._V_commutation) refers to bldc.o(.data) for bemf_commutate_enable
    bldc.o(i._V_commutation) refers to main.o(.bss) for htim1
    bldc.o(i._W_commutation) refers to bldc.o(i.get_bemf_W_stat) for get_bemf_W_stat
    bldc.o(i._W_commutation) refers to ctrl.o(i.get_current_dir) for get_current_dir
    bldc.o(i._W_commutation) refers to ctrl.o(i.get_current_phase) for get_current_phase
    bldc.o(i._W_commutation) refers to stm32f0xx_hal_tim.o(i.HAL_TIM_PWM_Start) for HAL_TIM_PWM_Start
    bldc.o(i._W_commutation) refers to stm32f0xx_hal_tim.o(i.HAL_TIM_PWM_Stop) for HAL_TIM_PWM_Stop
[...]
    Removing stm32f0xx_hal_cortex.o(i.HAL_NVIC_GetPriority), (72 bytes).
    Removing stm32f0xx_hal_cortex.o(i.HAL_NVIC_SetPendingIRQ), (24 bytes).
    Removing stm32f0xx_hal_cortex.o(i.HAL_NVIC_SystemReset), (56 bytes).
    Removing stm32f0xx_hal_cortex.o(i.HAL_SYSTICK_CLKSourceConfig), (36 bytes).
    Removing stm32f0xx_hal_cortex.o(i.HAL_SYSTICK_Callback), (2 bytes).
    Removing stm32f0xx_hal_cortex.o(i.HAL_SYSTICK_IRQHandler), (8 bytes).
    Removing stm32f0xx_hal_pwr.o(.rev16_text), (4 bytes).
    Removing stm32f0xx_hal_pwr.o(.revsh_text), (4 bytes).
    Removing stm32f0xx_hal_pwr.o(i.HAL_PWR_DeInit), (32 bytes).
    Removing stm32f0xx_hal_pwr.o(i.HAL_PWR_DisableBkUpAccess), (20 bytes).
    Removing stm32f0xx_hal_pwr.o(i.HAL_PWR_DisableSEVOnPend), (20 bytes).
    Removing stm32f0xx_hal_pwr.o(i.HAL_PWR_DisableSleepOnExit), (20 bytes).
    Removing stm32f0xx_hal_pwr.o(i.HAL_PWR_DisableWakeUpPin), (16 bytes).
    Removing stm32f0xx_hal_pwr.o(i.HAL_PWR_EnableBkUpAccess), (20 bytes).
    Removing stm32f0xx_hal_pwr.o(i.HAL_PWR_EnableSEVOnPend), (20 bytes).
    Removing stm32f0xx_hal_pwr.o(i.HAL_PWR_EnableSleepOnExit), (20 bytes).
    Removing stm32f0xx_hal_pwr.o(i.HAL_PWR_EnableWakeUpPin), (16 bytes).
    Removing stm32f0xx_hal_pwr.o(i.HAL_PWR_EnterSLEEPMode), (32 bytes).
    Removing stm32f0xx_hal_pwr.o(i.HAL_PWR_EnterSTANDBYMode), (40 bytes).
    Removing stm32f0xx_hal_pwr.o(i.HAL_PWR_EnterSTOPMode), (72 bytes).
    Removing stm32f0xx_hal_pwr_ex.o(.rev16_text), (4 bytes).
    Removing stm32f0xx_hal_pwr_ex.o(.revsh_text), (4 bytes).
    Removing stm32f0xx_hal_pwr_ex.o(i.HAL_PWR_ConfigPVD), (176 bytes).
    Removing stm32f0xx_hal_pwr_ex.o(i.HAL_PWR_DisablePVD), (20 bytes).
    Removing stm32f0xx_hal_pwr_ex.o(i.HAL_PWR_EnablePVD), (20 bytes).
    Removing stm32f0xx_hal_pwr_ex.o(i.HAL_PWR_PVDCallback), (2 bytes).
    Removing stm32f0xx_hal_pwr_ex.o(i.HAL_PWR_PVD_IRQHandler), (36 bytes).
    Removing stm32f0xx_hal_flash.o(.rev16_text), (4 bytes).
    Removing stm32f0xx_hal_flash.o(.revsh_text), (4 bytes).
    Removing stm32f0xx_hal_flash.o(i.FLASH_Program_HalfWord), (32 bytes).
    Removing stm32f0xx_hal_flash.o(i.FLASH_SetErrorCode), (72 bytes).
    Removing stm32f0xx_hal_flash.o(i.FLASH_WaitForLastOperation), (104 bytes).
    Removing stm32f0xx_hal_flash.o(i.HAL_FLASH_EndOfOperationCallback), (2 bytes).
    Removing stm32f0xx_hal_flash.o(i.HAL_FLASH_GetError), (12 bytes).
    Removing stm32f0xx_hal_flash.o(i.HAL_FLASH_IRQHandler), (396 bytes).
    Removing stm32f0xx_hal_flash.o(i.HAL_FLASH_Lock), (20 bytes).
    Removing stm32f0xx_hal_flash.o(i.HAL_FLASH_OB_Launch), (32 bytes).
    Removing stm32f0xx_hal_flash.o(i.HAL_FLASH_OB_Lock), (24 bytes).
    Removing stm32f0xx_hal_flash.o(i.HAL_FLASH_OB_Unlock), (48 bytes).
    Removing stm32f0xx_hal_flash.o(i.HAL_FLASH_OperationErrorCallback), (2 bytes).
    Removing stm32f0xx_hal_flash.o(i.HAL_FLASH_Program), (188 bytes).
    Removing stm32f0xx_hal_flash.o(i.HAL_FLASH_Program_IT), (120 bytes).
    Removing stm32f0xx_hal_flash.o(i.HAL_FLASH_Unlock), (52 bytes).
    Removing stm32f0xx_hal_flash.o(.bss), (32 bytes).
    Removing stm32f0xx_hal_flash_ex.o(.rev16_text), (4 bytes).
    Removing stm32f0xx_hal_flash_ex.o(.revsh_text), (4 bytes).
    Removing stm32f0xx_hal_flash_ex.o(i.FLASH_MassErase), (40 bytes).
    Removing stm32f0xx_hal_flash_ex.o(i.FLASH_OB_DisableWRP), (112 bytes).
    Removing stm32f0xx_hal_flash_ex.o(i.FLASH_OB_EnableWRP), (116 bytes).
    Removing stm32f0xx_hal_flash_ex.o(i.FLASH_OB_GetRDP), (40 bytes).
    Removing stm32f0xx_hal_flash_ex.o(i.FLASH_OB_GetUser), (20 bytes).
    Removing stm32f0xx_hal_flash_ex.o(i.FLASH_OB_GetWRP), (12 bytes).
    Removing stm32f0xx_hal_flash_ex.o(i.FLASH_OB_ProgramData), (76 bytes).
    Removing stm32f0xx_hal_flash_ex.o(i.FLASH_OB_RDP_LevelConfig), (128 bytes).
    Removing stm32f0xx_hal_flash_ex.o(i.FLASH_OB_UserConfig), (84 bytes).
    Removing stm32f0xx_hal_flash_ex.o(i.FLASH_PageErase), (44 bytes).
    Removing stm32f0xx_hal_flash_ex.o(i.HAL_FLASHEx_Erase), (172 bytes).
    Removing stm32f0xx_hal_flash_ex.o(i.HAL_FLASHEx_Erase_IT), (104 bytes).
    Removing stm32f0xx_hal_flash_ex.o(i.HAL_FLASHEx_OBErase), (100 bytes).
    Removing stm32f0xx_hal_flash_ex.o(i.HAL_FLASHEx_OBGetConfig), (28 bytes).
    Removing stm32f0xx_hal_flash_ex.o(i.HAL_FLASHEx_OBGetUserData), (40 bytes).
    Removing stm32f0xx_hal_flash_ex.o(i.HAL_FLASHEx_OBProgram), (208 bytes).
    Removing system_stm32f0xx.o(.rev16_text), (4 bytes).
    Removing system_stm32f0xx.o(.revsh_text), (4 bytes).
    Removing system_stm32f0xx.o(i.SystemCoreClockUpdate), (176 bytes).

384 unused section(s) (total 32090 bytes) removed from the image.

==============================================================================

Image Symbol Table

    Local Symbols

    Symbol Name                              Value     Ov Type        Size  Object(Section)

    ../Drivers/STM32F0xx_HAL_Driver/Src/stm32f0xx_hal.c 0x00000000   Number         0  stm32f0xx_hal.o ABSOLUTE
    ../Drivers/STM32F0xx_HAL_Driver/Src/stm32f0xx_hal_adc.c 0x00000000   Number         0  stm32f0xx_hal_adc.o ABSOLUTE
    ../Drivers/STM32F0xx_HAL_Driver/Src/stm32f0xx_hal_adc_ex.c 0x00000000   Number         0  stm32f0xx_hal_adc_ex.o ABSOLUTE
    ../Drivers/STM32F0xx_HAL_Driver/Src/stm32f0xx_hal_cortex.c 0x00000000   Number         0  stm32f0xx_hal_cortex.o ABSOLUTE
    ../Drivers/STM32F0xx_HAL_Driver/Src/stm32f0xx_hal_dma.c 0x00000000   Number         0  stm32f0xx_hal_dma.o ABSOLUTE
    ../Drivers/STM32F0xx_HAL_Driver/Src/stm32f0xx_hal_flash.c 0x00000000   Number         0  stm32f0xx_hal_flash.o ABSOLUTE
    ../Drivers/STM32F0xx_HAL_Driver/Src/stm32f0xx_hal_flash_ex.c 0x00000000   Number         0  stm32f0xx_hal_flash_ex.o ABSOLUTE
    ../Drivers/STM32F0xx_HAL_Driver/Src/stm32f0xx_hal_gpio.c 0x00000000   Number         0  stm32f0xx_hal_gpio.o ABSOLUTE
    ../Drivers/STM32F0xx_HAL_Driver/Src/stm32f0xx_hal_i2c.c 0x00000000   Number         0  stm32f0xx_hal_i2c.o ABSOLUTE
    ../Drivers/STM32F0xx_HAL_Driver/Src/stm32f0xx_hal_i2c_ex.c 0x00000000   Number         0  stm32f0xx_hal_i2c_ex.o ABSOLUTE
    ../Drivers/STM32F0xx_HAL_Driver/Src/stm32f0xx_hal_pwr.c 0x00000000   Number         0  stm32f0xx_hal_pwr.o ABSOLUTE
    ../Drivers/STM32F0xx_HAL_Driver/Src/stm32f0xx_hal_pwr_ex.c 0x00000000   Number         0  stm32f0xx_hal_pwr_ex.o ABSOLUTE
    ../Drivers/STM32F0xx_HAL_Driver/Src/stm32f0xx_hal_rcc.c 0x00000000   Number         0  stm32f0xx_hal_rcc.o ABSOLUTE
    ../Drivers/STM32F0xx_HAL_Driver/Src/stm32f0xx_hal_rcc_ex.c 0x00000000   Number         0  stm32f0xx_hal_rcc_ex.o ABSOLUTE
    ../Drivers/STM32F0xx_HAL_Driver/Src/stm32f0xx_hal_tim.c 0x00000000   Number         0  stm32f0xx_hal_tim.o ABSOLUTE
    ../Drivers/STM32F0xx_HAL_Driver/Src/stm32f0xx_hal_tim_ex.c 0x00000000   Number         0  stm32f0xx_hal_tim_ex.o ABSOLUTE
    ../Src/main.c                            0x00000000   Number         0  main.o ABSOLUTE
    ../Src/stm32f0xx_hal_msp.c               0x00000000   Number         0  stm32f0xx_hal_msp.o ABSOLUTE
    ../Src/stm32f0xx_it.c                    0x00000000   Number         0  stm32f0xx_it.o ABSOLUTE
    ../Src/system_stm32f0xx.c                0x00000000   Number         0  system_stm32f0xx.o ABSOLUTE
    ../clib/microlib/division.c              0x00000000   Number         0  uidiv.o ABSOLUTE
    ../clib/microlib/division.c              0x00000000   Number         0  idiv.o ABSOLUTE
    ../clib/microlib/init/entry.s            0x00000000   Number         0  entry5.o ABSOLUTE
    ../clib/microlib/init/entry.s            0x00000000   Number         0  entry8b.o ABSOLUTE
    ../clib/microlib/init/entry.s            0x00000000   Number         0  entry8a.o ABSOLUTE
    ../clib/microlib/init/entry.s            0x00000000   Number         0  entry.o ABSOLUTE
    ../clib/microlib/init/entry.s            0x00000000   Number         0  entry11b.o ABSOLUTE
    ../clib/microlib/init/entry.s            0x00000000   Number         0  entry11a.o ABSOLUTE
    ../clib/microlib/init/entry.s            0x00000000   Number         0  entry10b.o ABSOLUTE
    ../clib/microlib/init/entry.s            0x00000000   Number         0  entry10a.o ABSOLUTE
    ../clib/microlib/init/entry.s            0x00000000   Number         0  entry9b.o ABSOLUTE
    ../clib/microlib/init/entry.s            0x00000000   Number         0  entry7b.o ABSOLUTE
    ../clib/microlib/init/entry.s            0x00000000   Number         0  entry9a.o ABSOLUTE
    ../clib/microlib/init/entry.s            0x00000000   Number         0  entry7a.o ABSOLUTE
    ../clib/microlib/init/entry.s            0x00000000   Number         0  entry2.o ABSOLUTE
    ../clib/microlib/longlong.c              0x00000000   Number         0  llushr.o ABSOLUTE
    ../clib/microlib/string/memset.c         0x00000000   Number         0  memseta.o ABSOLUTE
    ../clib/microlib/stubs.s                 0x00000000   Number         0  iusefp.o ABSOLUTE
    ../fplib/microlib/fpadd.c                0x00000000   Number         0  fadd.o ABSOLUTE
    ../fplib/microlib/fpepilogue.c           0x00000000   Number         0  fepilogue.o ABSOLUTE
    ../fplib/microlib/fpfix.c                0x00000000   Number         0  ffixui.o ABSOLUTE
    ../fplib/microlib/fpflt.c                0x00000000   Number         0  ffltui.o ABSOLUTE
    ../fplib/microlib/fpmul.c                0x00000000   Number         0  fmul.o ABSOLUTE
    ..\App\ctrl.c                            0x00000000   Number         0  ctrl.o ABSOLUTE
    ..\App\display.c                         0x00000000   Number         0  display.o ABSOLUTE
    ..\App\image.c                           0x00000000   Number         0  image.o ABSOLUTE
    ..\Bsp\bldc.c                            0x00000000   Number         0  bldc.o ABSOLUTE
    ..\Bsp\bsp.c                             0x00000000   Number         0  bsp.o ABSOLUTE
    ..\Bsp\calc.c                            0x00000000   Number         0  calc.o ABSOLUTE
    ..\Bsp\iic.c                             0x00000000   Number         0  iic.o ABSOLUTE
    ..\Bsp\key.c                             0x00000000   Number         0  key.o ABSOLUTE
    ..\Bsp\oled.c                            0x00000000   Number         0  oled.o ABSOLUTE
    ..\Bsp\tim.c                             0x00000000   Number         0  tim.o ABSOLUTE
    ..\Drivers\STM32F0xx_HAL_Driver\Src\stm32f0xx_hal.c 0x00000000   Number         0  stm32f0xx_hal.o ABSOLUTE
    ..\Drivers\STM32F0xx_HAL_Driver\Src\stm32f0xx_hal_adc.c 0x00000000   Number         0  stm32f0xx_hal_adc.o ABSOLUTE
    ..\Drivers\STM32F0xx_HAL_Driver\Src\stm32f0xx_hal_adc_ex.c 0x00000000   Number         0  stm32f0xx_hal_adc_ex.o ABSOLUTE
    ..\Drivers\STM32F0xx_HAL_Driver\Src\stm32f0xx_hal_cortex.c 0x00000000   Number         0  stm32f0xx_hal_cortex.o ABSOLUTE
    ..\Drivers\STM32F0xx_HAL_Driver\Src\stm32f0xx_hal_dma.c 0x00000000   Number         0  stm32f0xx_hal_dma.o ABSOLUTE
    ..\Drivers\STM32F0xx_HAL_Driver\Src\stm32f0xx_hal_flash.c 0x00000000   Number         0  stm32f0xx_hal_flash.o ABSOLUTE
    ..\Drivers\STM32F0xx_HAL_Driver\Src\stm32f0xx_hal_flash_ex.c 0x00000000   Number         0  stm32f0xx_hal_flash_ex.o ABSOLUTE
    ..\Drivers\STM32F0xx_HAL_Driver\Src\stm32f0xx_hal_gpio.c 0x00000000   Number         0  stm32f0xx_hal_gpio.o ABSOLUTE
    ..\Drivers\STM32F0xx_HAL_Driver\Src\stm32f0xx_hal_i2c.c 0x00000000   Number         0  stm32f0xx_hal_i2c.o ABSOLUTE
    ..\Drivers\STM32F0xx_HAL_Driver\Src\stm32f0xx_hal_i2c_ex.c 0x00000000   Number         0  stm32f0xx_hal_i2c_ex.o ABSOLUTE
    ..\Drivers\STM32F0xx_HAL_Driver\Src\stm32f0xx_hal_pwr.c 0x00000000   Number         0  stm32f0xx_hal_pwr.o ABSOLUTE
    ..\Drivers\STM32F0xx_HAL_Driver\Src\stm32f0xx_hal_pwr_ex.c 0x00000000   Number         0  stm32f0xx_hal_pwr_ex.o ABSOLUTE
    ..\Drivers\STM32F0xx_HAL_Driver\Src\stm32f0xx_hal_rcc.c 0x00000000   Number         0  stm32f0xx_hal_rcc.o ABSOLUTE
    ..\Drivers\STM32F0xx_HAL_Driver\Src\stm32f0xx_hal_rcc_ex.c 0x00000000   Number         0  stm32f0xx_hal_rcc_ex.o ABSOLUTE
    ..\Drivers\STM32F0xx_HAL_Driver\Src\stm32f0xx_hal_tim.c 0x00000000   Number         0  stm32f0xx_hal_tim.o ABSOLUTE
    ..\Drivers\STM32F0xx_HAL_Driver\Src\stm32f0xx_hal_tim_ex.c 0x00000000   Number         0  stm32f0xx_hal_tim_ex.o ABSOLUTE
    ..\Src\main.c                            0x00000000   Number         0  main.o ABSOLUTE
    ..\Src\stm32f0xx_hal_msp.c               0x00000000   Number         0  stm32f0xx_hal_msp.o ABSOLUTE
    ..\Src\stm32f0xx_it.c                    0x00000000   Number         0  stm32f0xx_it.o ABSOLUTE
    ..\Src\system_stm32f0xx.c                0x00000000   Number         0  system_stm32f0xx.o ABSOLUTE
    ..\\App\\ctrl.c                          0x00000000   Number         0  ctrl.o ABSOLUTE
    ..\\App\\display.c                       0x00000000   Number         0  display.o ABSOLUTE
    ..\\App\\image.c                         0x00000000   Number         0  image.o ABSOLUTE
    ..\\Bsp\\bldc.c                          0x00000000   Number         0  bldc.o ABSOLUTE
    ..\\Bsp\\bsp.c                           0x00000000   Number         0  bsp.o ABSOLUTE
    ..\\Bsp\\calc.c                          0x00000000   Number         0  calc.o ABSOLUTE
    ..\\Bsp\\iic.c                           0x00000000   Number         0  iic.o ABSOLUTE
    ..\\Bsp\\key.c                           0x00000000   Number         0  key.o ABSOLUTE
    ..\\Bsp\\oled.c                          0x00000000   Number         0  oled.o ABSOLUTE
    ..\\Bsp\\tim.c                           0x00000000   Number         0  tim.o ABSOLUTE
    cfcmple.s                                0x00000000   Number         0  cfcmple.o ABSOLUTE
    cfrcmple.s                               0x00000000   Number         0  cfrcmple.o ABSOLUTE
    dc.s                                     0x00000000   Number         0  dc.o ABSOLUTE
    handlers.s                               0x00000000   Number         0  handlers.o ABSOLUTE
    init.s                                   0x00000000   Number         0  init.o ABSOLUTE
    startup_stm32f031x6.s                    0x00000000   Number         0  startup_stm32f031x6.o ABSOLUTE
    RESET                                    0x08000000   Section      176  startup_stm32f031x6.o(RESET)
    .ARM.Collect$$$$00000000                 0x080000b0   Section        0  entry.o(.ARM.Collect$$$$00000000)
    .ARM.Collect$$$$00000001                 0x080000b0   Section        4  entry2.o(.ARM.Collect$$$$00000001)
    .ARM.Collect$$$$00000004                 0x080000b4   Section        4  entry5.o(.ARM.Collect$$$$00000004)
    .ARM.Collect$$$$00000008                 0x080000b8   Section        0  entry7b.o(.ARM.Collect$$$$00000008)
    .ARM.Collect$$$$0000000A                 0x080000b8   Section        0  entry8b.o(.ARM.Collect$$$$0000000A)
    .ARM.Collect$$$$0000000B                 0x080000b8   Section        8  entry9a.o(.ARM.Collect$$$$0000000B)
    .ARM.Collect$$$$0000000D                 0x080000c0   Section        0  entry10a.o(.ARM.Collect$$$$0000000D)
    .ARM.Collect$$$$0000000F                 0x080000c0   Section        0  entry11a.o(.ARM.Collect$$$$0000000F)
    .ARM.Collect$$$$00002712                 0x080000c0   Section        4  entry2.o(.ARM.Collect$$$$00002712)
    __lit__00000000                          0x080000c0   Data           4  entry2.o(.ARM.Collect$$$$00002712)
    .text                                    0x080000c4   Section       28  startup_stm32f031x6.o(.text)
    .text                                    0x080000e0   Section        0  uidiv.o(.text)
    .text                                    0x0800010c   Section        0  idiv.o(.text)
    .text                                    0x08000134   Section        0  memseta.o(.text)
    .text                                    0x08000158   Section        0  fadd.o(.text)
    .text                                    0x0800020a   Section        0  fmul.o(.text)
    .text                                    0x08000284   Section        0  ffltui.o(.text)
    .text                                    0x08000292   Section        0  ffixui.o(.text)
    .text                                    0x080002bc   Section       20  cfcmple.o(.text)
    .text                                    0x080002d0   Section       20  cfrcmple.o(.text)
    .text                                    0x080002e4   Section        0  fepilogue.o(.text)
    .text                                    0x080002e4   Section        0  iusefp.o(.text)
    .text                                    0x08000368   Section       36  init.o(.text)
    i.ADC_DMAConvCplt                        0x0800038c   Section        0  stm32f0xx_hal_adc.o(i.ADC_DMAConvCplt)
    ADC_DMAConvCplt                          0x0800038d   Thumb Code   134  stm32f0xx_hal_adc.o(i.ADC_DMAConvCplt)
    i.ADC_DMAError                           0x08000412   Section        0  stm32f0xx_hal_adc.o(i.ADC_DMAError)
    ADC_DMAError                             0x08000413   Thumb Code    30  stm32f0xx_hal_adc.o(i.ADC_DMAError)
    i.ADC_DMAHalfConvCplt                    0x08000430   Section        0  stm32f0xx_hal_adc.o(i.ADC_DMAHalfConvCplt)
    ADC_DMAHalfConvCplt                      0x08000431   Thumb Code    14  stm32f0xx_hal_adc.o(i.ADC_DMAHalfConvCplt)
    i.ADC_Enable                             0x08000440   Section        0  stm32f0xx_hal_adc.o(i.ADC_Enable)
    ADC_Enable                               0x08000441   Thumb Code   198  stm32f0xx_hal_adc.o(i.ADC_Enable)
    i.DMA1_Channel1_IRQHandler               0x08000514   Section        0  stm32f0xx_it.o(i.DMA1_Channel1_IRQHandler)
    i.DMA_CalcBaseAndBitshift                0x08000524   Section        0  stm32f0xx_hal_dma.o(i.DMA_CalcBaseAndBitshift)
    DMA_CalcBaseAndBitshift                  0x08000525   Thumb Code    28  stm32f0xx_hal_dma.o(i.DMA_CalcBaseAndBitshift)
    i.DMA_SetConfig                          0x08000544   Section        0  stm32f0xx_hal_dma.o(i.DMA_SetConfig)
    DMA_SetConfig                            0x08000545   Thumb Code    42  stm32f0xx_hal_dma.o(i.DMA_SetConfig)
    i.EXTI0_1_IRQHandler                     0x0800056e   Section        0  stm32f0xx_it.o(i.EXTI0_1_IRQHandler)
    i.EXTI2_3_IRQHandler                     0x0800057e   Section        0  stm32f0xx_it.o(i.EXTI2_3_IRQHandler)
    i.Error_Handler                          0x08000588   Section        0  main.o(i.Error_Handler)
    i.HAL_ADC_ConfigChannel                  0x0800058c   Section        0  stm32f0xx_hal_adc.o(i.HAL_ADC_ConfigChannel)
    i.HAL_ADC_ConvCpltCallback               0x08000738   Section        0  stm32f0xx_hal_adc.o(i.HAL_ADC_ConvCpltCallback)
    i.HAL_ADC_ConvHalfCpltCallback           0x0800073a   Section        0  stm32f0xx_hal_adc.o(i.HAL_ADC_ConvHalfCpltCallback)
    i.HAL_ADC_ErrorCallback                  0x0800073c   Section        0  stm32f0xx_hal_adc.o(i.HAL_ADC_ErrorCallback)
    i.HAL_ADC_Init                           0x08000740   Section        0  stm32f0xx_hal_adc.o(i.HAL_ADC_Init)
    i.HAL_ADC_MspInit                        0x08000900   Section        0  stm32f0xx_hal_msp.o(i.HAL_ADC_MspInit)
    i.HAL_ADC_Start_DMA                      0x080009b8   Section        0  stm32f0xx_hal_adc.o(i.HAL_ADC_Start_DMA)
    i.HAL_DMA_IRQHandler                     0x08000a78   Section        0  stm32f0xx_hal_dma.o(i.HAL_DMA_IRQHandler)
    i.HAL_DMA_Init                           0x08000b68   Section        0  stm32f0xx_hal_dma.o(i.HAL_DMA_Init)
    i.HAL_DMA_Start_IT                       0x08000bcc   Section        0  stm32f0xx_hal_dma.o(i.HAL_DMA_Start_IT)
    i.HAL_Delay                              0x08000c66   Section        0  stm32f0xx_hal.o(i.HAL_Delay)
    i.HAL_GPIO_EXTI_Callback                 0x08000c86   Section        0  bldc.o(i.HAL_GPIO_EXTI_Callback)
    i.HAL_GPIO_EXTI_IRQHandler               0x08000c94   Section        0  stm32f0xx_hal_gpio.o(i.HAL_GPIO_EXTI_IRQHandler)
    i.HAL_GPIO_Init                          0x08000cb4   Section        0  stm32f0xx_hal_gpio.o(i.HAL_GPIO_Init)
    i.HAL_GPIO_ReadPin                       0x08000e94   Section        0  stm32f0xx_hal_gpio.o(i.HAL_GPIO_ReadPin)
    i.HAL_GPIO_WritePin                      0x08000ea6   Section        0  stm32f0xx_hal_gpio.o(i.HAL_GPIO_WritePin)
    i.HAL_GetTick                            0x08000eb4   Section        0  stm32f0xx_hal.o(i.HAL_GetTick)
    i.HAL_I2CEx_ConfigAnalogFilter           0x08000ec0   Section        0  stm32f0xx_hal_i2c_ex.o(i.HAL_I2CEx_ConfigAnalogFilter)
    i.HAL_I2CEx_ConfigDigitalFilter          0x08000f2e   Section        0  stm32f0xx_hal_i2c_ex.o(i.HAL_I2CEx_ConfigDigitalFilter)
    i.HAL_I2C_Init                           0x08000fa0   Section        0  stm32f0xx_hal_i2c.o(i.HAL_I2C_Init)
    i.HAL_I2C_Mem_Write                      0x08001074   Section        0  stm32f0xx_hal_i2c.o(i.HAL_I2C_Mem_Write)
    i.HAL_I2C_MspInit                        0x08001238   Section        0  stm32f0xx_hal_msp.o(i.HAL_I2C_MspInit)
    i.HAL_IncTick                            0x080012bc   Section        0  stm32f0xx_hal.o(i.HAL_IncTick)
    i.HAL_Init                               0x080012cc   Section        0  stm32f0xx_hal.o(i.HAL_Init)
    i.HAL_InitTick                           0x080012ec   Section        0  stm32f0xx_hal.o(i.HAL_InitTick)
    i.HAL_MspInit                            0x08001314   Section        0  stm32f0xx_hal_msp.o(i.HAL_MspInit)
    i.HAL_NVIC_EnableIRQ                     0x08001354   Section        0  stm32f0xx_hal_cortex.o(i.HAL_NVIC_EnableIRQ)
    i.HAL_NVIC_SetPriority                   0x0800136c   Section        0  stm32f0xx_hal_cortex.o(i.HAL_NVIC_SetPriority)
    i.HAL_RCCEx_PeriphCLKConfig              0x08001380   Section        0  stm32f0xx_hal_rcc_ex.o(i.HAL_RCCEx_PeriphCLKConfig)
    i.HAL_RCC_ClockConfig                    0x080014d0   Section        0  stm32f0xx_hal_rcc.o(i.HAL_RCC_ClockConfig)
    i.HAL_RCC_GetHCLKFreq                    0x08001664   Section        0  stm32f0xx_hal_rcc.o(i.HAL_RCC_GetHCLKFreq)
    i.HAL_RCC_GetSysClockFreq                0x08001670   Section        0  stm32f0xx_hal_rcc.o(i.HAL_RCC_GetSysClockFreq)
    i.HAL_RCC_OscConfig                      0x08001734   Section        0  stm32f0xx_hal_rcc.o(i.HAL_RCC_OscConfig)
    i.HAL_SYSTICK_Config                     0x08001c80   Section        0  stm32f0xx_hal_cortex.o(i.HAL_SYSTICK_Config)
    i.HAL_TIMEx_BreakCallback                0x08001cb8   Section        0  stm32f0xx_hal_tim_ex.o(i.HAL_TIMEx_BreakCallback)
    i.HAL_TIMEx_CommutationCallback          0x08001cba   Section        0  stm32f0xx_hal_tim_ex.o(i.HAL_TIMEx_CommutationCallback)
    i.HAL_TIMEx_ConfigBreakDeadTime          0x08001cbc   Section        0  stm32f0xx_hal_tim_ex.o(i.HAL_TIMEx_ConfigBreakDeadTime)
    i.HAL_TIMEx_MasterConfigSynchronization  0x08001d62   Section        0  stm32f0xx_hal_tim_ex.o(i.HAL_TIMEx_MasterConfigSynchronization)
    i.HAL_TIM_Base_Init                      0x08001dc4   Section        0  stm32f0xx_hal_tim.o(i.HAL_TIM_Base_Init)
    i.HAL_TIM_Base_MspInit                   0x08001dfc   Section        0  stm32f0xx_hal_msp.o(i.HAL_TIM_Base_MspInit)
    i.HAL_TIM_Base_Start_IT                  0x08001e64   Section        0  stm32f0xx_hal_tim.o(i.HAL_TIM_Base_Start_IT)
    i.HAL_TIM_ConfigClockSource              0x08001e82   Section        0  stm32f0xx_hal_tim.o(i.HAL_TIM_ConfigClockSource)
    i.HAL_TIM_IC_CaptureCallback             0x08001fc0   Section        0  stm32f0xx_hal_tim.o(i.HAL_TIM_IC_CaptureCallback)
    i.HAL_TIM_IRQHandler                     0x08001fc2   Section        0  stm32f0xx_hal_tim.o(i.HAL_TIM_IRQHandler)
    i.HAL_TIM_MspPostInit                    0x0800218c   Section        0  stm32f0xx_hal_msp.o(i.HAL_TIM_MspPostInit)
    i.HAL_TIM_OC_DelayElapsedCallback        0x080021f0   Section        0  stm32f0xx_hal_tim.o(i.HAL_TIM_OC_DelayElapsedCallback)
    i.HAL_TIM_PWM_ConfigChannel              0x080021f2   Section        0  stm32f0xx_hal_tim.o(i.HAL_TIM_PWM_ConfigChannel)
    i.HAL_TIM_PWM_Init                       0x08002304   Section        0  stm32f0xx_hal_tim.o(i.HAL_TIM_PWM_Init)
    i.HAL_TIM_PWM_MspInit                    0x0800233c   Section        0  stm32f0xx_hal_tim.o(i.HAL_TIM_PWM_MspInit)
    i.HAL_TIM_PWM_PulseFinishedCallback      0x0800233e   Section        0  stm32f0xx_hal_tim.o(i.HAL_TIM_PWM_PulseFinishedCallback)
    i.HAL_TIM_PWM_Start                      0x08002340   Section        0  stm32f0xx_hal_tim.o(i.HAL_TIM_PWM_Start)
    i.HAL_TIM_PWM_Stop                       0x0800239c   Section        0  stm32f0xx_hal_tim.o(i.HAL_TIM_PWM_Stop)
    i.HAL_TIM_PeriodElapsedCallback          0x0800243c   Section        0  tim.o(i.HAL_TIM_PeriodElapsedCallback)
    i.HAL_TIM_TriggerCallback                0x080024b8   Section        0  stm32f0xx_hal_tim.o(i.HAL_TIM_TriggerCallback)
    i.HardFault_Handler                      0x080024ba   Section        0  stm32f0xx_it.o(i.HardFault_Handler)
    i.I2C_Flush_TXDR                         0x080024be   Section        0  stm32f0xx_hal_i2c.o(i.I2C_Flush_TXDR)
    I2C_Flush_TXDR                           0x080024bf   Thumb Code    50  stm32f0xx_hal_i2c.o(i.I2C_Flush_TXDR)
    i.I2C_IsAcknowledgeFailed                0x080024f0   Section        0  stm32f0xx_hal_i2c.o(i.I2C_IsAcknowledgeFailed)
    I2C_IsAcknowledgeFailed                  0x080024f1   Thumb Code   144  stm32f0xx_hal_i2c.o(i.I2C_IsAcknowledgeFailed)
    i.I2C_RequestMemoryWrite                 0x08002584   Section        0  stm32f0xx_hal_i2c.o(i.I2C_RequestMemoryWrite)
    I2C_RequestMemoryWrite                   0x08002585   Thumb Code   146  stm32f0xx_hal_i2c.o(i.I2C_RequestMemoryWrite)
    i.I2C_TransferConfig                     0x08002618   Section        0  stm32f0xx_hal_i2c.o(i.I2C_TransferConfig)
    I2C_TransferConfig                       0x08002619   Thumb Code    42  stm32f0xx_hal_i2c.o(i.I2C_TransferConfig)
    i.I2C_WaitOnFlagUntilTimeout             0x08002648   Section        0  stm32f0xx_hal_i2c.o(i.I2C_WaitOnFlagUntilTimeout)
    I2C_WaitOnFlagUntilTimeout               0x08002649   Thumb Code    82  stm32f0xx_hal_i2c.o(i.I2C_WaitOnFlagUntilTimeout)
    i.I2C_WaitOnSTOPFlagUntilTimeout         0x0800269a   Section        0  stm32f0xx_hal_i2c.o(i.I2C_WaitOnSTOPFlagUntilTimeout)
    I2C_WaitOnSTOPFlagUntilTimeout           0x0800269b   Thumb Code    90  stm32f0xx_hal_i2c.o(i.I2C_WaitOnSTOPFlagUntilTimeout)
    i.I2C_WaitOnTXISFlagUntilTimeout         0x080026f4   Section        0  stm32f0xx_hal_i2c.o(i.I2C_WaitOnTXISFlagUntilTimeout)
    I2C_WaitOnTXISFlagUntilTimeout           0x080026f5   Thumb Code    96  stm32f0xx_hal_i2c.o(i.I2C_WaitOnTXISFlagUntilTimeout)
    i.MX_ADC_Init                            0x08002754   Section        0  main.o(i.MX_ADC_Init)
    MX_ADC_Init                              0x08002755   Thumb Code   148  main.o(i.MX_ADC_Init)
    i.MX_DMA_Init                            0x080027f0   Section        0  main.o(i.MX_DMA_Init)
    MX_DMA_Init                              0x080027f1   Thumb Code    48  main.o(i.MX_DMA_Init)
    i.MX_GPIO_Init                           0x08002824   Section        0  main.o(i.MX_GPIO_Init)
    MX_GPIO_Init                             0x08002825   Thumb Code   306  main.o(i.MX_GPIO_Init)
    i.MX_I2C1_Init                           0x0800296c   Section        0  main.o(i.MX_I2C1_Init)
    MX_I2C1_Init                             0x0800296d   Thumb Code    80  main.o(i.MX_I2C1_Init)
    i.MX_TIM1_Init                           0x080029c8   Section        0  main.o(i.MX_TIM1_Init)
    MX_TIM1_Init                             0x080029c9   Thumb Code   270  main.o(i.MX_TIM1_Init)
    i.MX_TIM3_Init                           0x08002ae4   Section        0  main.o(i.MX_TIM3_Init)
    MX_TIM3_Init                             0x08002ae5   Thumb Code   106  main.o(i.MX_TIM3_Init)
    i.Motor_SyncRun                          0x08002b5c   Section        0  bldc.o(i.Motor_SyncRun)
    i.NMI_Handler                            0x08002e38   Section        0  stm32f0xx_it.o(i.NMI_Handler)
    i.NVIC_SetPriority                       0x08002e3c   Section        0  stm32f0xx_hal_cortex.o(i.NVIC_SetPriority)
    NVIC_SetPriority                         0x08002e3d   Thumb Code   110  stm32f0xx_hal_cortex.o(i.NVIC_SetPriority)
    i.OLED_Clear                             0x08002eb4   Section        0  oled.o(i.OLED_Clear)
    i.OLED_DrawBMP                           0x08002ef4   Section        0  oled.o(i.OLED_DrawBMP)
    i.OLED_Init                              0x08002f68   Section        0  oled.o(i.OLED_Init)
    i.OLED_Set_Pos                           0x08003044   Section        0  oled.o(i.OLED_Set_Pos)
    i.OLED_WR_Byte                           0x08003072   Section        0  oled.o(i.OLED_WR_Byte)
    i.PendSV_Handler                         0x0800308c   Section        0  stm32f0xx_it.o(i.PendSV_Handler)
    i.SVC_Handler                            0x0800308e   Section        0  stm32f0xx_it.o(i.SVC_Handler)
    i.SysTick_Handler                        0x08003090   Section        0  stm32f0xx_it.o(i.SysTick_Handler)
    i.SystemClock_Config                     0x08003098   Section        0  main.o(i.SystemClock_Config)
    i.SystemInit                             0x08003120   Section        0  system_stm32f0xx.o(i.SystemInit)
    i.TIM3_IRQHandler                        0x08003194   Section        0  stm32f0xx_it.o(i.TIM3_IRQHandler)
    i.TIM_Base_SetConfig                     0x080031a4   Section        0  stm32f0xx_hal_tim.o(i.TIM_Base_SetConfig)
    i.TIM_CCxChannelCmd                      0x08003244   Section        0  stm32f0xx_hal_tim.o(i.TIM_CCxChannelCmd)
    i.TIM_ETR_SetConfig                      0x08003260   Section        0  stm32f0xx_hal_tim.o(i.TIM_ETR_SetConfig)
    i.TIM_ITRx_SetConfig                     0x0800327e   Section        0  stm32f0xx_hal_tim.o(i.TIM_ITRx_SetConfig)
    TIM_ITRx_SetConfig                       0x0800327f   Thumb Code    26  stm32f0xx_hal_tim.o(i.TIM_ITRx_SetConfig)
    i.TIM_OC1_SetConfig                      0x08003298   Section        0  stm32f0xx_hal_tim.o(i.TIM_OC1_SetConfig)
    TIM_OC1_SetConfig                        0x08003299   Thumb Code   150  stm32f0xx_hal_tim.o(i.TIM_OC1_SetConfig)
    i.TIM_OC2_SetConfig                      0x0800333c   Section        0  stm32f0xx_hal_tim.o(i.TIM_OC2_SetConfig)
    i.TIM_OC3_SetConfig                      0x080033f0   Section        0  stm32f0xx_hal_tim.o(i.TIM_OC3_SetConfig)
    TIM_OC3_SetConfig                        0x080033f1   Thumb Code   164  stm32f0xx_hal_tim.o(i.TIM_OC3_SetConfig)
    i.TIM_OC4_SetConfig                      0x080034a0   Section        0  stm32f0xx_hal_tim.o(i.TIM_OC4_SetConfig)
    TIM_OC4_SetConfig                        0x080034a1   Thumb Code   112  stm32f0xx_hal_tim.o(i.TIM_OC4_SetConfig)
    i.TIM_TI1_ConfigInputStage               0x0800351c   Section        0  stm32f0xx_hal_tim.o(i.TIM_TI1_ConfigInputStage)
    TIM_TI1_ConfigInputStage                 0x0800351d   Thumb Code    54  stm32f0xx_hal_tim.o(i.TIM_TI1_ConfigInputStage)
    i.TIM_TI2_ConfigInputStage               0x08003552   Section        0  stm32f0xx_hal_tim.o(i.TIM_TI2_ConfigInputStage)
    TIM_TI2_ConfigInputStage                 0x08003553   Thumb Code    54  stm32f0xx_hal_tim.o(i.TIM_TI2_ConfigInputStage)
    i.U_INTERRUPT                            0x08003588   Section        0  bldc.o(i.U_INTERRUPT)
    i.V_INTERRUPT                            0x080035c8   Section        0  bldc.o(i.V_INTERRUPT)
    i.W_INTERRUPT                            0x08003608   Section        0  bldc.o(i.W_INTERRUPT)
    i._U_commutation                         0x08003648   Section        0  bldc.o(i._U_commutation)
    _U_commutation                           0x08003649   Thumb Code   540  bldc.o(i._U_commutation)
    i._V_commutation                         0x08003870   Section        0  bldc.o(i._V_commutation)
    _V_commutation                           0x08003871   Thumb Code   540  bldc.o(i._V_commutation)
    i._W_commutation                         0x08003a98   Section        0  bldc.o(i._W_commutation)
    _W_commutation                           0x08003a99   Thumb Code   540  bldc.o(i._W_commutation)
    i.__ARM_common_switch8                   0x08003cc0   Section        0  bldc.o(i.__ARM_common_switch8)
    i.__scatterload_copy                     0x08003cdc   Section       14  handlers.o(i.__scatterload_copy)
    i.__scatterload_null                     0x08003cea   Section        2  handlers.o(i.__scatterload_null)
    i.__scatterload_zeroinit                 0x08003cec   Section       14  handlers.o(i.__scatterload_zeroinit)
    i.calc_bat_quantity                      0x08003cfc   Section        0  ctrl.o(i.calc_bat_quantity)
    i.calc_bus_current                       0x08003d94   Section        0  ctrl.o(i.calc_bus_current)
    i.calc_given_speed                       0x08003dd4   Section        0  ctrl.o(i.calc_given_speed)
    i.case_err                               0x08003e80   Section        0  ctrl.o(i.case_err)
    case_err                                 0x08003e81   Thumb Code    40  ctrl.o(i.case_err)
    i.case_idle                              0x08003eb0   Section        0  ctrl.o(i.case_idle)
    case_idle                                0x08003eb1   Thumb Code    54  ctrl.o(i.case_idle)
    i.case_start                             0x08003ef0   Section        0  ctrl.o(i.case_start)
    case_start                               0x08003ef1   Thumb Code   198  ctrl.o(i.case_start)
    i.case_stop                              0x08003fcc   Section        0  ctrl.o(i.case_stop)
    case_stop                                0x08003fcd   Thumb Code    78  ctrl.o(i.case_stop)
    i.case_work                              0x0800402c   Section        0  ctrl.o(i.case_work)
    case_work                                0x0800402d   Thumb Code   162  ctrl.o(i.case_work)
    i.clean_force_comm_counter               0x080040e0   Section        0  ctrl.o(i.clean_force_comm_counter)
    i.clear_err                              0x080040ec   Section        0  ctrl.o(i.clear_err)
    clear_err                                0x080040ed   Thumb Code     8  ctrl.o(i.clear_err)
    i.dis_refresh_battary                    0x080040f8   Section        0  display.o(i.dis_refresh_battary)
    i.dis_refresh_error                      0x08004130   Section        0  display.o(i.dis_refresh_error)
    i.dis_refresh_roll_direction             0x080041e4   Section        0  display.o(i.dis_refresh_roll_direction)
    i.dis_refresh_speed                      0x08004228   Section        0  display.o(i.dis_refresh_speed)
    i.do_exti_handler                        0x080042dc   Section        0  bldc.o(i.do_exti_handler)
    i.do_input_sync                          0x080042f0   Section        0  ctrl.o(i.do_input_sync)
    i.do_motor_fucn_case                     0x08004334   Section        0  ctrl.o(i.do_motor_fucn_case)
    i.do_refresh_oled                        0x0800434c   Section        0  ctrl.o(i.do_refresh_oled)
    i.force_commutate                        0x080043d4   Section        0  ctrl.o(i.force_commutate)
    i.get_bemf_U_stat                        0x08004410   Section        0  bldc.o(i.get_bemf_U_stat)
    get_bemf_U_stat                          0x08004411   Thumb Code    22  bldc.o(i.get_bemf_U_stat)
    i.get_bemf_V_stat                        0x08004426   Section        0  bldc.o(i.get_bemf_V_stat)
    get_bemf_V_stat                          0x08004427   Thumb Code    22  bldc.o(i.get_bemf_V_stat)
    i.get_bemf_W_stat                        0x0800443c   Section        0  bldc.o(i.get_bemf_W_stat)
    get_bemf_W_stat                          0x0800443d   Thumb Code    22  bldc.o(i.get_bemf_W_stat)
    i.get_commutation_counter                0x08004452   Section        0  bldc.o(i.get_commutation_counter)
    i.get_current_dir                        0x08004454   Section        0  ctrl.o(i.get_current_dir)
    i.get_current_phase                      0x08004460   Section        0  ctrl.o(i.get_current_phase)
    i.get_dir_set                            0x0800446c   Section        0  ctrl.o(i.get_dir_set)
    get_dir_set                              0x0800446d   Thumb Code    20  ctrl.o(i.get_dir_set)
    i.get_err                                0x08004484   Section        0  ctrl.o(i.get_err)
    get_err                                  0x08004485   Thumb Code     6  ctrl.o(i.get_err)
    i.get_lastet_pwm_duty                    0x08004490   Section        0  bldc.o(i.get_lastet_pwm_duty)
    i.i2c_write_command                      0x0800449c   Section        0  iic.o(i.i2c_write_command)
    i.i2c_write_data                         0x080044c4   Section        0  iic.o(i.i2c_write_data)
    i.isCountTo10ms                          0x080044ec   Section        0  tim.o(i.isCountTo10ms)
    i.isCountTo1s                            0x080044fc   Section        0  tim.o(i.isCountTo1s)
    i.isDisconnectCurrent                    0x0800450c   Section        0  ctrl.o(i.isDisconnectCurrent)
    isDisconnectCurrent                      0x0800450d   Thumb Code    16  ctrl.o(i.isDisconnectCurrent)
    i.isForceCommutateErr                    0x08004520   Section        0  ctrl.o(i.isForceCommutateErr)
    isForceCommutateErr                      0x08004521   Thumb Code     6  ctrl.o(i.isForceCommutateErr)
    i.isOverCurrent                          0x0800452c   Section        0  ctrl.o(i.isOverCurrent)
    isOverCurrent                            0x0800452d   Thumb Code    20  ctrl.o(i.isOverCurrent)
    i.isPowerSwitchOFF                       0x08004544   Section        0  ctrl.o(i.isPowerSwitchOFF)
    isPowerSwitchOFF                         0x08004545   Thumb Code    20  ctrl.o(i.isPowerSwitchOFF)
    i.isReleaseCurrent                       0x0800455c   Section        0  ctrl.o(i.isReleaseCurrent)
    isReleaseCurrent                         0x0800455d   Thumb Code    20  ctrl.o(i.isReleaseCurrent)
    i.isStartSuccess                         0x08004574   Section        0  bldc.o(i.isStartSuccess)
    i.lock_power                             0x08004588   Section        0  ctrl.o(i.lock_power)
    i.main                                   0x080045a0   Section        0  main.o(i.main)
    i.main_thread                            0x08004608   Section        0  ctrl.o(i.main_thread)
    i.pid_controller                         0x08004618   Section        0  calc.o(i.pid_controller)
    i.power_off                              0x080046d8   Section        0  ctrl.o(i.power_off)
    power_off                                0x080046d9   Thumb Code    14  ctrl.o(i.power_off)
    i.power_on                               0x080046ec   Section        0  ctrl.o(i.power_on)
    power_on                                 0x080046ed   Thumb Code    14  ctrl.o(i.power_on)
    i.set_current_phase                      0x08004700   Section        0  ctrl.o(i.set_current_phase)
    i.set_pwm_duty                           0x0800470c   Section        0  bldc.o(i.set_pwm_duty)
    i.speed_controller                       0x08004728   Section        0  ctrl.o(i.speed_controller)
    i.speed_controller_params_init           0x080047ec   Section        0  ctrl.o(i.speed_controller_params_init)
    speed_controller_params_init             0x080047ed   Thumb Code    54  ctrl.o(i.speed_controller_params_init)
    i.start_to_get_adc                       0x0800483c   Section        0  ctrl.o(i.start_to_get_adc)
    .constdata                               0x08004854   Section     5836  image.o(.constdata)
    .constdata                               0x08005f20   Section       24  system_stm32f0xx.o(.constdata)
    .data                                    0x20000000   Section       24  bldc.o(.data)
    bemf_commutate_enable                    0x20000000   Data           1  bldc.o(.data)
    bemf_int_corrent_counter                 0x20000001   Data           1  bldc.o(.data)
    .data                                    0x20000018   Section        5  tim.o(.data)
    tim_5ms_counter                          0x20000018   Data           1  tim.o(.data)
    tim_10ms_counter                         0x20000019   Data           1  tim.o(.data)
    tim_1s_counter                           0x2000001a   Data           1  tim.o(.data)
    _10ms_flag                               0x2000001b   Data           1  tim.o(.data)
    _1s_flag                                 0x2000001c   Data           1  tim.o(.data)
    .data                                    0x20000020   Section       59  ctrl.o(.data)
    adc_array                                0x20000020   Data           6  ctrl.o(.data)
    motor_func_case                          0x20000026   Data           1  ctrl.o(.data)
    err_num                                  0x20000027   Data           1  ctrl.o(.data)
    screen_refresh                           0x20000028   Data           4  ctrl.o(.data)
    battery_percentage                       0x2000002c   Data           1  ctrl.o(.data)
    case_array                               0x20000030   Data          20  ctrl.o(.data)
    commutate_time_counter                   0x20000044   Data           2  ctrl.o(.data)
    commu_counter                            0x20000046   Data           2  ctrl.o(.data)
    force_stall_flag                         0x20000048   Data           2  ctrl.o(.data)
    start_up_pwm                             0x2000004a   Data           2  ctrl.o(.data)
    restart_times                            0x2000004c   Data           1  ctrl.o(.data)
    overcurrent_counter                      0x2000004d   Data           1  ctrl.o(.data)
    current_pwm                              0x2000004e   Data           2  ctrl.o(.data)
    stop_init_flag                           0x20000050   Data           1  ctrl.o(.data)
    err_wait_counter                         0x20000052   Data           2  ctrl.o(.data)
    last_val                                 0x20000054   Data           2  ctrl.o(.data)
    last_duty                                0x20000056   Data           1  ctrl.o(.data)
    last_val                                 0x20000058   Data           2  ctrl.o(.data)
    last_battary_quantity                    0x2000005a   Data           1  ctrl.o(.data)
    .data                                    0x2000005b   Section       25  display.o(.data)
    .data                                    0x20000074   Section       88  image.o(.data)
    .data                                    0x200000cc   Section        4  stm32f0xx_hal.o(.data)
    .data                                    0x200000d0   Section        4  system_stm32f0xx.o(.data)
    .bss                                     0x200000d4   Section      120  ctrl.o(.bss)
    motor_params                             0x200000d4   Data          14  ctrl.o(.bss)
    motor_pid                                0x200000e4   Data          84  ctrl.o(.bss)
    average_array                            0x20000138   Data          20  ctrl.o(.bss)
    .bss                                     0x2000014c   Section      348  main.o(.bss)
    STACK                                    0x200002a8   Section     1024  startup_stm32f031x6.o(STACK)

    Global Symbols

    Symbol Name                              Value     Ov Type        Size  Object(Section)

    BuildAttributes$$THM_ISAv3M$S$PE$A:L22$X:L11$S22$IEEE1$IW$USESV6$~STKCKD$USESV7$~SHL$OTIME$ROPI$EBA8$MICROLIB$REQ8$PRES8$EABIv2 0x00000000   Number         0  anon$$obj.o ABSOLUTE
    __ARM_use_no_argv                        0x00000000   Number         0  main.o ABSOLUTE
    __cpp_initialize__aeabi_                  - Undefined Weak Reference
    __cxa_finalize                            - Undefined Weak Reference
    __decompress                              - Undefined Weak Reference
    _clock_init                               - Undefined Weak Reference
    _microlib_exit                            - Undefined Weak Reference
    __Vectors_Size                           0x000000b0   Number         0  startup_stm32f031x6.o ABSOLUTE
    __Vectors                                0x08000000   Data           4  startup_stm32f031x6.o(RESET)
    __Vectors_End                            0x080000b0   Data           0  startup_stm32f031x6.o(RESET)
    __main                                   0x080000b1   Thumb Code     0  entry.o(.ARM.Collect$$$$00000000)
    _main_stk                                0x080000b1   Thumb Code     0  entry2.o(.ARM.Collect$$$$00000001)
    _main_scatterload                        0x080000b5   Thumb Code     0  entry5.o(.ARM.Collect$$$$00000004)
    __main_after_scatterload                 0x080000b9   Thumb Code     0  entry5.o(.ARM.Collect$$$$00000004)
    _main_clock                              0x080000b9   Thumb Code     0  entry7b.o(.ARM.Collect$$$$00000008)
    _main_cpp_init                           0x080000b9   Thumb Code     0  entry8b.o(.ARM.Collect$$$$0000000A)
    _main_init                               0x080000b9   Thumb Code     0  entry9a.o(.ARM.Collect$$$$0000000B)
    __rt_final_cpp                           0x080000c1   Thumb Code     0  entry10a.o(.ARM.Collect$$$$0000000D)
    __rt_final_exit                          0x080000c1   Thumb Code     0  entry11a.o(.ARM.Collect$$$$0000000F)
    Reset_Handler                            0x080000c5   Thumb Code     8  startup_stm32f031x6.o(.text)
    ADC1_IRQHandler                          0x080000d7   Thumb Code     0  startup_stm32f031x6.o(.text)
    DMA1_Channel2_3_IRQHandler               0x080000d7   Thumb Code     0  startup_stm32f031x6.o(.text)
    DMA1_Channel4_5_IRQHandler               0x080000d7   Thumb Code     0  startup_stm32f031x6.o(.text)
    EXTI4_15_IRQHandler                      0x080000d7   Thumb Code     0  startup_stm32f031x6.o(.text)
    FLASH_IRQHandler                         0x080000d7   Thumb Code     0  startup_stm32f031x6.o(.text)
    I2C1_IRQHandler                          0x080000d7   Thumb Code     0  startup_stm32f031x6.o(.text)
    PVD_IRQHandler                           0x080000d7   Thumb Code     0  startup_stm32f031x6.o(.text)
    RCC_IRQHandler                           0x080000d7   Thumb Code     0  startup_stm32f031x6.o(.text)
    RTC_IRQHandler                           0x080000d7   Thumb Code     0  startup_stm32f031x6.o(.text)
    SPI1_IRQHandler                          0x080000d7   Thumb Code     0  startup_stm32f031x6.o(.text)
    TIM14_IRQHandler                         0x080000d7   Thumb Code     0  startup_stm32f031x6.o(.text)
    TIM16_IRQHandler                         0x080000d7   Thumb Code     0  startup_stm32f031x6.o(.text)
    TIM17_IRQHandler                         0x080000d7   Thumb Code     0  startup_stm32f031x6.o(.text)
    TIM1_BRK_UP_TRG_COM_IRQHandler           0x080000d7   Thumb Code     0  startup_stm32f031x6.o(.text)
    TIM1_CC_IRQHandler                       0x080000d7   Thumb Code     0  startup_stm32f031x6.o(.text)
    TIM2_IRQHandler                          0x080000d7   Thumb Code     0  startup_stm32f031x6.o(.text)
    USART1_IRQHandler                        0x080000d7   Thumb Code     0  startup_stm32f031x6.o(.text)
    WWDG_IRQHandler                          0x080000d7   Thumb Code     0  startup_stm32f031x6.o(.text)
    __aeabi_uidiv                            0x080000e1   Thumb Code     0  uidiv.o(.text)
    __aeabi_uidivmod                         0x080000e1   Thumb Code    44  uidiv.o(.text)
    __aeabi_idiv                             0x0800010d   Thumb Code     0  idiv.o(.text)
    __aeabi_idivmod                          0x0800010d   Thumb Code    40  idiv.o(.text)
    __aeabi_memset                           0x08000135   Thumb Code    14  memseta.o(.text)
    __aeabi_memset4                          0x08000135   Thumb Code     0  memseta.o(.text)
    __aeabi_memset8                          0x08000135   Thumb Code     0  memseta.o(.text)
    __aeabi_memclr                           0x08000143   Thumb Code     4  memseta.o(.text)
    __aeabi_memclr4                          0x08000143   Thumb Code     0  memseta.o(.text)
    __aeabi_memclr8                          0x08000143   Thumb Code     0  memseta.o(.text)
    _memset$wrapper                          0x08000147   Thumb Code    18  memseta.o(.text)
    __aeabi_fadd                             0x08000159   Thumb Code   162  fadd.o(.text)
    __aeabi_fsub                             0x080001fb   Thumb Code     8  fadd.o(.text)
    __aeabi_frsub                            0x08000203   Thumb Code     8  fadd.o(.text)
    __aeabi_fmul                             0x0800020b   Thumb Code   122  fmul.o(.text)
    __aeabi_ui2f                             0x08000285   Thumb Code    14  ffltui.o(.text)
    __aeabi_f2uiz                            0x08000293   Thumb Code    40  ffixui.o(.text)
    __aeabi_cfcmpeq                          0x080002bd   Thumb Code     0  cfcmple.o(.text)
    __aeabi_cfcmple                          0x080002bd   Thumb Code    20  cfcmple.o(.text)
    __aeabi_cfrcmple                         0x080002d1   Thumb Code    20  cfrcmple.o(.text)
    __I$use$fp                               0x080002e5   Thumb Code     0  iusefp.o(.text)
    _float_round                             0x080002e5   Thumb Code    16  fepilogue.o(.text)
    _float_epilogue                          0x080002f5   Thumb Code   114  fepilogue.o(.text)
    __scatterload                            0x08000369   Thumb Code    28  init.o(.text)
    __scatterload_rt2                        0x08000369   Thumb Code     0  init.o(.text)
    DMA1_Channel1_IRQHandler                 0x08000515   Thumb Code    10  stm32f0xx_it.o(i.DMA1_Channel1_IRQHandler)
    EXTI0_1_IRQHandler                       0x0800056f   Thumb Code    16  stm32f0xx_it.o(i.EXTI0_1_IRQHandler)
    EXTI2_3_IRQHandler                       0x0800057f   Thumb Code    10  stm32f0xx_it.o(i.EXTI2_3_IRQHandler)
    Error_Handler                            0x08000589   Thumb Code     2  main.o(i.Error_Handler)
    HAL_ADC_ConfigChannel                    0x0800058d   Thumb Code   412  stm32f0xx_hal_adc.o(i.HAL_ADC_ConfigChannel)
    HAL_ADC_ConvCpltCallback                 0x08000739   Thumb Code     2  stm32f0xx_hal_adc.o(i.HAL_ADC_ConvCpltCallback)
    HAL_ADC_ConvHalfCpltCallback             0x0800073b   Thumb Code     2  stm32f0xx_hal_adc.o(i.HAL_ADC_ConvHalfCpltCallback)
    HAL_ADC_ErrorCallback                    0x0800073d   Thumb Code     2  stm32f0xx_hal_adc.o(i.HAL_ADC_ErrorCallback)
    HAL_ADC_Init                             0x08000741   Thumb Code   440  stm32f0xx_hal_adc.o(i.HAL_ADC_Init)
    HAL_ADC_MspInit                          0x08000901   Thumb Code   166  stm32f0xx_hal_msp.o(i.HAL_ADC_MspInit)
    HAL_ADC_Start_DMA                        0x080009b9   Thumb Code   176  stm32f0xx_hal_adc.o(i.HAL_ADC_Start_DMA)
    HAL_DMA_IRQHandler                       0x08000a79   Thumb Code   240  stm32f0xx_hal_dma.o(i.HAL_DMA_IRQHandler)
    HAL_DMA_Init                             0x08000b69   Thumb Code    94  stm32f0xx_hal_dma.o(i.HAL_DMA_Init)
    HAL_DMA_Start_IT                         0x08000bcd   Thumb Code   154  stm32f0xx_hal_dma.o(i.HAL_DMA_Start_IT)
    HAL_Delay                                0x08000c67   Thumb Code    32  stm32f0xx_hal.o(i.HAL_Delay)
    HAL_GPIO_EXTI_Callback                   0x08000c87   Thumb Code    12  bldc.o(i.HAL_GPIO_EXTI_Callback)
    HAL_GPIO_EXTI_IRQHandler                 0x08000c95   Thumb Code    26  stm32f0xx_hal_gpio.o(i.HAL_GPIO_EXTI_IRQHandler)
    HAL_GPIO_Init                            0x08000cb5   Thumb Code   460  stm32f0xx_hal_gpio.o(i.HAL_GPIO_Init)
    HAL_GPIO_ReadPin                         0x08000e95   Thumb Code    18  stm32f0xx_hal_gpio.o(i.HAL_GPIO_ReadPin)
    HAL_GPIO_WritePin                        0x08000ea7   Thumb Code    12  stm32f0xx_hal_gpio.o(i.HAL_GPIO_WritePin)
    HAL_GetTick                              0x08000eb5   Thumb Code     6  stm32f0xx_hal.o(i.HAL_GetTick)
    HAL_I2CEx_ConfigAnalogFilter             0x08000ec1   Thumb Code   110  stm32f0xx_hal_i2c_ex.o(i.HAL_I2CEx_ConfigAnalogFilter)
    HAL_I2CEx_ConfigDigitalFilter            0x08000f2f   Thumb Code   114  stm32f0xx_hal_i2c_ex.o(i.HAL_I2CEx_ConfigDigitalFilter)
    HAL_I2C_Init                             0x08000fa1   Thumb Code   208  stm32f0xx_hal_i2c.o(i.HAL_I2C_Init)
    HAL_I2C_Mem_Write                        0x08001075   Thumb Code   446  stm32f0xx_hal_i2c.o(i.HAL_I2C_Mem_Write)
    HAL_I2C_MspInit                          0x08001239   Thumb Code   118  stm32f0xx_hal_msp.o(i.HAL_I2C_MspInit)
    HAL_IncTick                              0x080012bd   Thumb Code    12  stm32f0xx_hal.o(i.HAL_IncTick)
    HAL_Init                                 0x080012cd   Thumb Code    28  stm32f0xx_hal.o(i.HAL_Init)
    HAL_InitTick                             0x080012ed   Thumb Code    38  stm32f0xx_hal.o(i.HAL_InitTick)
    HAL_MspInit                              0x08001315   Thumb Code    60  stm32f0xx_hal_msp.o(i.HAL_MspInit)
    HAL_NVIC_EnableIRQ                       0x08001355   Thumb Code    18  stm32f0xx_hal_cortex.o(i.HAL_NVIC_EnableIRQ)
    HAL_NVIC_SetPriority                     0x0800136d   Thumb Code    18  stm32f0xx_hal_cortex.o(i.HAL_NVIC_SetPriority)
    HAL_RCCEx_PeriphCLKConfig                0x08001381   Thumb Code   322  stm32f0xx_hal_rcc_ex.o(i.HAL_RCCEx_PeriphCLKConfig)
    HAL_RCC_ClockConfig                      0x080014d1   Thumb Code   382  stm32f0xx_hal_rcc.o(i.HAL_RCC_ClockConfig)
    HAL_RCC_GetHCLKFreq                      0x08001665   Thumb Code     6  stm32f0xx_hal_rcc.o(i.HAL_RCC_GetHCLKFreq)
    HAL_RCC_GetSysClockFreq                  0x08001671   Thumb Code   150  stm32f0xx_hal_rcc.o(i.HAL_RCC_GetSysClockFreq)
    HAL_RCC_OscConfig                        0x08001735   Thumb Code  1352  stm32f0xx_hal_rcc.o(i.HAL_RCC_OscConfig)
    HAL_SYSTICK_Config                       0x08001c81   Thumb Code    46  stm32f0xx_hal_cortex.o(i.HAL_SYSTICK_Config)
    HAL_TIMEx_BreakCallback                  0x08001cb9   Thumb Code     2  stm32f0xx_hal_tim_ex.o(i.HAL_TIMEx_BreakCallback)
    HAL_TIMEx_CommutationCallback            0x08001cbb   Thumb Code     2  stm32f0xx_hal_tim_ex.o(i.HAL_TIMEx_CommutationCallback)
    HAL_TIMEx_ConfigBreakDeadTime            0x08001cbd   Thumb Code   166  stm32f0xx_hal_tim_ex.o(i.HAL_TIMEx_ConfigBreakDeadTime)
    HAL_TIMEx_MasterConfigSynchronization    0x08001d63   Thumb Code    98  stm32f0xx_hal_tim_ex.o(i.HAL_TIMEx_MasterConfigSynchronization)
    HAL_TIM_Base_Init                        0x08001dc5   Thumb Code    56  stm32f0xx_hal_tim.o(i.HAL_TIM_Base_Init)
    HAL_TIM_Base_MspInit                     0x08001dfd   Thumb Code    92  stm32f0xx_hal_msp.o(i.HAL_TIM_Base_MspInit)
    HAL_TIM_Base_Start_IT                    0x08001e65   Thumb Code    30  stm32f0xx_hal_tim.o(i.HAL_TIM_Base_Start_IT)
    HAL_TIM_ConfigClockSource                0x08001e83   Thumb Code   318  stm32f0xx_hal_tim.o(i.HAL_TIM_ConfigClockSource)
    HAL_TIM_IC_CaptureCallback               0x08001fc1   Thumb Code     2  stm32f0xx_hal_tim.o(i.HAL_TIM_IC_CaptureCallback)
    HAL_TIM_IRQHandler                       0x08001fc3   Thumb Code   456  stm32f0xx_hal_tim.o(i.HAL_TIM_IRQHandler)
    HAL_TIM_MspPostInit                      0x0800218d   Thumb Code    90  stm32f0xx_hal_msp.o(i.HAL_TIM_MspPostInit)
    HAL_TIM_OC_DelayElapsedCallback          0x080021f1   Thumb Code     2  stm32f0xx_hal_tim.o(i.HAL_TIM_OC_DelayElapsedCallback)
    HAL_TIM_PWM_ConfigChannel                0x080021f3   Thumb Code   274  stm32f0xx_hal_tim.o(i.HAL_TIM_PWM_ConfigChannel)
    HAL_TIM_PWM_Init                         0x08002305   Thumb Code    56  stm32f0xx_hal_tim.o(i.HAL_TIM_PWM_Init)
    HAL_TIM_PWM_MspInit                      0x0800233d   Thumb Code     2  stm32f0xx_hal_tim.o(i.HAL_TIM_PWM_MspInit)
    HAL_TIM_PWM_PulseFinishedCallback        0x0800233f   Thumb Code     2  stm32f0xx_hal_tim.o(i.HAL_TIM_PWM_PulseFinishedCallback)
    HAL_TIM_PWM_Start                        0x08002341   Thumb Code    80  stm32f0xx_hal_tim.o(i.HAL_TIM_PWM_Start)
    HAL_TIM_PWM_Stop                         0x0800239d   Thumb Code   142  stm32f0xx_hal_tim.o(i.HAL_TIM_PWM_Stop)
    HAL_TIM_PeriodElapsedCallback            0x0800243d   Thumb Code    98  tim.o(i.HAL_TIM_PeriodElapsedCallback)
    HAL_TIM_TriggerCallback                  0x080024b9   Thumb Code     2  stm32f0xx_hal_tim.o(i.HAL_TIM_TriggerCallback)
    HardFault_Handler                        0x080024bb   Thumb Code     4  stm32f0xx_it.o(i.HardFault_Handler)
    Motor_SyncRun                            0x08002b5d   Thumb Code   722  bldc.o(i.Motor_SyncRun)
    NMI_Handler                              0x08002e39   Thumb Code     2  stm32f0xx_it.o(i.NMI_Handler)
    OLED_Clear                               0x08002eb5   Thumb Code    64  oled.o(i.OLED_Clear)
    OLED_DrawBMP                             0x08002ef5   Thumb Code   116  oled.o(i.OLED_DrawBMP)
    OLED_Init                                0x08002f69   Thumb Code   220  oled.o(i.OLED_Init)
    OLED_Set_Pos                             0x08003045   Thumb Code    46  oled.o(i.OLED_Set_Pos)
    OLED_WR_Byte                             0x08003073   Thumb Code    26  oled.o(i.OLED_WR_Byte)
    PendSV_Handler                           0x0800308d   Thumb Code     2  stm32f0xx_it.o(i.PendSV_Handler)
    SVC_Handler                              0x0800308f   Thumb Code     2  stm32f0xx_it.o(i.SVC_Handler)
    SysTick_Handler                          0x08003091   Thumb Code     8  stm32f0xx_it.o(i.SysTick_Handler)
    SystemClock_Config                       0x08003099   Thumb Code   134  main.o(i.SystemClock_Config)
    SystemInit                               0x08003121   Thumb Code   104  system_stm32f0xx.o(i.SystemInit)
    TIM3_IRQHandler                          0x08003195   Thumb Code    10  stm32f0xx_it.o(i.TIM3_IRQHandler)
    TIM_Base_SetConfig                       0x080031a5   Thumb Code   140  stm32f0xx_hal_tim.o(i.TIM_Base_SetConfig)
    TIM_CCxChannelCmd                        0x08003245   Thumb Code    28  stm32f0xx_hal_tim.o(i.TIM_CCxChannelCmd)
    TIM_ETR_SetConfig                        0x08003261   Thumb Code    30  stm32f0xx_hal_tim.o(i.TIM_ETR_SetConfig)
    TIM_OC2_SetConfig                        0x0800333d   Thumb Code   168  stm32f0xx_hal_tim.o(i.TIM_OC2_SetConfig)
    U_INTERRUPT                              0x08003589   Thumb Code    58  bldc.o(i.U_INTERRUPT)
    V_INTERRUPT                              0x080035c9   Thumb Code    60  bldc.o(i.V_INTERRUPT)
    W_INTERRUPT                              0x08003609   Thumb Code    60  bldc.o(i.W_INTERRUPT)
    __ARM_common_switch8                     0x08003cc1   Thumb Code    28  bldc.o(i.__ARM_common_switch8)
    __scatterload_copy                       0x08003cdd   Thumb Code    14  handlers.o(i.__scatterload_copy)
    __scatterload_null                       0x08003ceb   Thumb Code     2  handlers.o(i.__scatterload_null)
    __scatterload_zeroinit                   0x08003ced   Thumb Code    14  handlers.o(i.__scatterload_zeroinit)
    calc_bat_quantity                        0x08003cfd   Thumb Code   140  ctrl.o(i.calc_bat_quantity)
    calc_bus_current                         0x08003d95   Thumb Code    60  ctrl.o(i.calc_bus_current)
    calc_given_speed                         0x08003dd5   Thumb Code   158  ctrl.o(i.calc_given_speed)
    clean_force_comm_counter                 0x080040e1   Thumb Code     8  ctrl.o(i.clean_force_comm_counter)
    dis_refresh_battary                      0x080040f9   Thumb Code    48  display.o(i.dis_refresh_battary)
    dis_refresh_error                        0x08004131   Thumb Code   162  display.o(i.dis_refresh_error)
    dis_refresh_roll_direction               0x080041e5   Thumb Code    60  display.o(i.dis_refresh_roll_direction)
    dis_refresh_speed                        0x08004229   Thumb Code   162  display.o(i.dis_refresh_speed)
    do_exti_handler                          0x080042dd   Thumb Code    16  bldc.o(i.do_exti_handler)
    do_input_sync                            0x080042f1   Thumb Code    50  ctrl.o(i.do_input_sync)
    do_motor_fucn_case                       0x08004335   Thumb Code    16  ctrl.o(i.do_motor_fucn_case)
    do_refresh_oled                          0x0800434d   Thumb Code   122  ctrl.o(i.do_refresh_oled)
    force_commutate                          0x080043d5   Thumb Code    48  ctrl.o(i.force_commutate)
    get_commutation_counter                  0x08004453   Thumb Code     2  bldc.o(i.get_commutation_counter)
    get_current_dir                          0x08004455   Thumb Code     6  ctrl.o(i.get_current_dir)
    get_current_phase                        0x08004461   Thumb Code     6  ctrl.o(i.get_current_phase)
    get_lastet_pwm_duty                      0x08004491   Thumb Code     8  bldc.o(i.get_lastet_pwm_duty)
    i2c_write_command                        0x0800449d   Thumb Code    34  iic.o(i.i2c_write_command)
    i2c_write_data                           0x080044c5   Thumb Code    34  iic.o(i.i2c_write_data)
    isCountTo10ms                            0x080044ed   Thumb Code    12  tim.o(i.isCountTo10ms)
    isCountTo1s                              0x080044fd   Thumb Code    12  tim.o(i.isCountTo1s)
    isStartSuccess                           0x08004575   Thumb Code    16  bldc.o(i.isStartSuccess)
    lock_power                               0x08004589   Thumb Code    22  ctrl.o(i.lock_power)
    main                                     0x080045a1   Thumb Code    98  main.o(i.main)
    main_thread                              0x08004609   Thumb Code    16  ctrl.o(i.main_thread)
    pid_controller                           0x08004619   Thumb Code   190  calc.o(i.pid_controller)
    set_current_phase                        0x08004701   Thumb Code     6  ctrl.o(i.set_current_phase)
    set_pwm_duty                             0x0800470d   Thumb Code    18  bldc.o(i.set_pwm_duty)
    speed_controller                         0x08004729   Thumb Code   184  ctrl.o(i.speed_controller)
    start_to_get_adc                         0x0800483d   Thumb Code    14  ctrl.o(i.start_to_get_adc)
    image_bat_0                              0x08004854   Data          58  image.o(.constdata)
    image_bat_1                              0x0800488e   Data          58  image.o(.constdata)
    image_bat_2                              0x080048c8   Data          58  image.o(.constdata)
    image_bat_3                              0x08004902   Data          58  image.o(.constdata)
    image_bat_4                              0x0800493c   Data          58  image.o(.constdata)
    image_bat_5                              0x08004976   Data          58  image.o(.constdata)
    image_bat_6                              0x080049b0   Data          58  image.o(.constdata)
    image_bat_charge                         0x080049ea   Data          58  image.o(.constdata)
    image_num0                               0x08004a24   Data         240  image.o(.constdata)
    image_num1                               0x08004b14   Data         240  image.o(.constdata)
    image_num2                               0x08004c04   Data         240  image.o(.constdata)
    image_num3                               0x08004cf4   Data         240  image.o(.constdata)
    image_num4                               0x08004de4   Data         240  image.o(.constdata)
    image_num5                               0x08004ed4   Data         240  image.o(.constdata)
    image_num6                               0x08004fc4   Data         240  image.o(.constdata)
    image_num7                               0x080050b4   Data         240  image.o(.constdata)
    image_num8                               0x080051a4   Data         240  image.o(.constdata)
    image_num9                               0x08005294   Data         240  image.o(.constdata)
    image_nume                               0x08005384   Data         240  image.o(.constdata)
    image_numunit                            0x08005474   Data         240  image.o(.constdata)
    image_dir_rev                            0x08005564   Data         210  image.o(.constdata)
    image_dir_fwd                            0x08005636   Data         210  image.o(.constdata)
    F6x8                                     0x08005708   Data         552  image.o(.constdata)
    F8X16                                    0x08005930   Data        1520  image.o(.constdata)
    AHBPrescTable                            0x08005f20   Data          16  system_stm32f0xx.o(.constdata)
    APBPrescTable                            0x08005f30   Data           8  system_stm32f0xx.o(.constdata)
    Region$$Table$$Base                      0x08005f38   Number         0  anon$$obj.o(Region$$Table)
    Region$$Table$$Limit                     0x08005f58   Number         0  anon$$obj.o(Region$$Table)
    p_irq_array                              0x20000004   Data          20  bldc.o(.data)
    bat                                      0x2000005b   Data           5  display.o(.data)
    speed_1                                  0x20000060   Data           5  display.o(.data)
    speed_2                                  0x20000065   Data           5  display.o(.data)
    speed_3                                  0x2000006a   Data           5  display.o(.data)
    diretion                                 0x2000006f   Data           5  display.o(.data)
    image_bat_array                          0x20000074   Data          32  image.o(.data)
    image_num_array                          0x20000094   Data          48  image.o(.data)
    image_dir_array                          0x200000c4   Data           8  image.o(.data)
    uwTick                                   0x200000cc   Data           4  stm32f0xx_hal.o(.data)
    SystemCoreClock                          0x200000d0   Data           4  system_stm32f0xx.o(.data)
    hadc                                     0x2000014c   Data          76  main.o(.bss)
    hdma_adc                                 0x20000198   Data          68  main.o(.bss)
    hi2c1                                    0x200001dc   Data          76  main.o(.bss)
    htim1                                    0x20000228   Data          64  main.o(.bss)
    htim3                                    0x20000268   Data          64  main.o(.bss)
    __initial_sp                             0x200006a8   Data           0  startup_stm32f031x6.o(STACK)



==============================================================================

Memory Map of the image

  Image Entry point : 0x080000b1

  Load Region LR_IROM1 (Base: 0x08000000, Size: 0x0000602c, Max: 0x00008000, ABSOLUTE)

    Execution Region ER_IROM1 (Exec base: 0x08000000, Load base: 0x08000000, Size: 0x00005f58, Max: 0x00008000, ABSOLUTE)

    Exec Addr    Load Addr    Size         Type   Attr      Idx    E Section Name        Object

    0x08000000   0x08000000   0x000000b0   Data   RO            3    RESET               startup_stm32f031x6.o
    0x080000b0   0x080000b0   0x00000000   Code   RO         3498  * .ARM.Collect$$$$00000000  mc_p.l(entry.o)
    0x080000b0   0x080000b0   0x00000004   Code   RO         3521    .ARM.Collect$$$$00000001  mc_p.l(entry2.o)
    0x080000b4   0x080000b4   0x00000004   Code   RO         3524    .ARM.Collect$$$$00000004  mc_p.l(entry5.o)
    0x080000b8   0x080000b8   0x00000000   Code   RO         3526    .ARM.Collect$$$$00000008  mc_p.l(entry7b.o)
    0x080000b8   0x080000b8   0x00000000   Code   RO         3528    .ARM.Collect$$$$0000000A  mc_p.l(entry8b.o)
    0x080000b8   0x080000b8   0x00000008   Code   RO         3529    .ARM.Collect$$$$0000000B  mc_p.l(entry9a.o)
    0x080000c0   0x080000c0   0x00000000   Code   RO         3531    .ARM.Collect$$$$0000000D  mc_p.l(entry10a.o)
    0x080000c0   0x080000c0   0x00000000   Code   RO         3533    .ARM.Collect$$$$0000000F  mc_p.l(entry11a.o)
    0x080000c0   0x080000c0   0x00000004   Code   RO         3522    .ARM.Collect$$$$00002712  mc_p.l(entry2.o)
    0x080000c4   0x080000c4   0x0000001c   Code   RO            4    .text               startup_stm32f031x6.o
    0x080000e0   0x080000e0   0x0000002c   Code   RO         3501    .text               mc_p.l(uidiv.o)
    0x0800010c   0x0800010c   0x00000028   Code   RO         3503    .text               mc_p.l(idiv.o)
    0x08000134   0x08000134   0x00000024   Code   RO         3507    .text               mc_p.l(memseta.o)
    0x08000158   0x08000158   0x000000b2   Code   RO         3509    .text               mf_p.l(fadd.o)
    0x0800020a   0x0800020a   0x0000007a   Code   RO         3511    .text               mf_p.l(fmul.o)
    0x08000284   0x08000284   0x0000000e   Code   RO         3513    .text               mf_p.l(ffltui.o)
    0x08000292   0x08000292   0x00000028   Code   RO         3515    .text               mf_p.l(ffixui.o)
    0x080002ba   0x080002ba   0x00000002   PAD
    0x080002bc   0x080002bc   0x00000014   Code   RO         3517    .text               mf_p.l(cfcmple.o)
    0x080002d0   0x080002d0   0x00000014   Code   RO         3519    .text               mf_p.l(cfrcmple.o)
    0x080002e4   0x080002e4   0x00000000   Code   RO         3535    .text               mc_p.l(iusefp.o)
    0x080002e4   0x080002e4   0x00000082   Code   RO         3536    .text               mf_p.l(fepilogue.o)
    0x08000366   0x08000366   0x00000002   PAD
    0x08000368   0x08000368   0x00000024   Code   RO         3538    .text               mc_p.l(init.o)
    0x0800038c   0x0800038c   0x00000086   Code   RO         1069    i.ADC_DMAConvCplt   stm32f0xx_hal_adc.o
    0x08000412   0x08000412   0x0000001e   Code   RO         1070    i.ADC_DMAError      stm32f0xx_hal_adc.o
    0x08000430   0x08000430   0x0000000e   Code   RO         1071    i.ADC_DMAHalfConvCplt  stm32f0xx_hal_adc.o
    0x0800043e   0x0800043e   0x00000002   PAD
    0x08000440   0x08000440   0x000000d4   Code   RO         1073    i.ADC_Enable        stm32f0xx_hal_adc.o
    0x08000514   0x08000514   0x00000010   Code   RO          933    i.DMA1_Channel1_IRQHandler  stm32f0xx_it.o
    0x08000524   0x08000524   0x00000020   Code   RO         2946    i.DMA_CalcBaseAndBitshift  stm32f0xx_hal_dma.o
    0x08000544   0x08000544   0x0000002a   Code   RO         2947    i.DMA_SetConfig     stm32f0xx_hal_dma.o
    0x0800056e   0x0800056e   0x00000010   Code   RO          934    i.EXTI0_1_IRQHandler  stm32f0xx_it.o
    0x0800057e   0x0800057e   0x0000000a   Code   RO          935    i.EXTI2_3_IRQHandler  stm32f0xx_it.o
    0x08000588   0x08000588   0x00000002   Code   RO          862    i.Error_Handler     main.o
    0x0800058a   0x0800058a   0x00000002   PAD
    0x0800058c   0x0800058c   0x000001ac   Code   RO         1075    i.HAL_ADC_ConfigChannel  stm32f0xx_hal_adc.o
    0x08000738   0x08000738   0x00000002   Code   RO         1076    i.HAL_ADC_ConvCpltCallback  stm32f0xx_hal_adc.o
    0x0800073a   0x0800073a   0x00000002   Code   RO         1077    i.HAL_ADC_ConvHalfCpltCallback  stm32f0xx_hal_adc.o
    0x0800073c   0x0800073c   0x00000002   Code   RO         1079    i.HAL_ADC_ErrorCallback  stm32f0xx_hal_adc.o
    0x0800073e   0x0800073e   0x00000002   PAD
    0x08000740   0x08000740   0x000001c0   Code   RO         1084    i.HAL_ADC_Init      stm32f0xx_hal_adc.o
    0x08000900   0x08000900   0x000000b8   Code   RO         1006    i.HAL_ADC_MspInit   stm32f0xx_hal_msp.o
    0x080009b8   0x080009b8   0x000000c0   Code   RO         1091    i.HAL_ADC_Start_DMA  stm32f0xx_hal_adc.o
    0x08000a78   0x08000a78   0x000000f0   Code   RO         2953    i.HAL_DMA_IRQHandler  stm32f0xx_hal_dma.o
    0x08000b68   0x08000b68   0x00000064   Code   RO         2954    i.HAL_DMA_Init      stm32f0xx_hal_dma.o
    0x08000bcc   0x08000bcc   0x0000009a   Code   RO         2958    i.HAL_DMA_Start_IT  stm32f0xx_hal_dma.o
    0x08000c66   0x08000c66   0x00000020   Code   RO         2752    i.HAL_Delay         stm32f0xx_hal.o
    0x08000c86   0x08000c86   0x0000000c   Code   RO           14    i.HAL_GPIO_EXTI_Callback  bldc.o
    0x08000c92   0x08000c92   0x00000002   PAD
    0x08000c94   0x08000c94   0x00000020   Code   RO         2886    i.HAL_GPIO_EXTI_IRQHandler  stm32f0xx_hal_gpio.o
    0x08000cb4   0x08000cb4   0x000001e0   Code   RO         2887    i.HAL_GPIO_Init     stm32f0xx_hal_gpio.o
    0x08000e94   0x08000e94   0x00000012   Code   RO         2889    i.HAL_GPIO_ReadPin  stm32f0xx_hal_gpio.o
    0x08000ea6   0x08000ea6   0x0000000c   Code   RO         2891    i.HAL_GPIO_WritePin  stm32f0xx_hal_gpio.o
    0x08000eb2   0x08000eb2   0x00000002   PAD
    0x08000eb4   0x08000eb4   0x0000000c   Code   RO         2756    i.HAL_GetTick       stm32f0xx_hal.o
    0x08000ec0   0x08000ec0   0x0000006e   Code   RO         1688    i.HAL_I2CEx_ConfigAnalogFilter  stm32f0xx_hal_i2c_ex.o
    0x08000f2e   0x08000f2e   0x00000072   Code   RO         1689    i.HAL_I2CEx_ConfigDigitalFilter  stm32f0xx_hal_i2c_ex.o
    0x08000fa0   0x08000fa0   0x000000d4   Code   RO         1275    i.HAL_I2C_Init      stm32f0xx_hal_i2c.o
    0x08001074   0x08001074   0x000001c4   Code   RO         1294    i.HAL_I2C_Mem_Write  stm32f0xx_hal_i2c.o
    0x08001238   0x08001238   0x00000084   Code   RO         1008    i.HAL_I2C_MspInit   stm32f0xx_hal_msp.o
    0x080012bc   0x080012bc   0x00000010   Code   RO         2760    i.HAL_IncTick       stm32f0xx_hal.o
    0x080012cc   0x080012cc   0x00000020   Code   RO         2761    i.HAL_Init          stm32f0xx_hal.o
    0x080012ec   0x080012ec   0x00000026   Code   RO         2762    i.HAL_InitTick      stm32f0xx_hal.o
    0x08001312   0x08001312   0x00000002   PAD
    0x08001314   0x08001314   0x00000040   Code   RO         1009    i.HAL_MspInit       stm32f0xx_hal_msp.o
    0x08001354   0x08001354   0x00000018   Code   RO         3044    i.HAL_NVIC_EnableIRQ  stm32f0xx_hal_cortex.o
    0x0800136c   0x0800136c   0x00000012   Code   RO         3048    i.HAL_NVIC_SetPriority  stm32f0xx_hal_cortex.o
    0x0800137e   0x0800137e   0x00000002   PAD
    0x08001380   0x08001380   0x00000150   Code   RO         2717    i.HAL_RCCEx_PeriphCLKConfig  stm32f0xx_hal_rcc_ex.o
    0x080014d0   0x080014d0   0x00000194   Code   RO         2624    i.HAL_RCC_ClockConfig  stm32f0xx_hal_rcc.o
    0x08001664   0x08001664   0x0000000c   Code   RO         2629    i.HAL_RCC_GetHCLKFreq  stm32f0xx_hal_rcc.o
    0x08001670   0x08001670   0x000000c4   Code   RO         2632    i.HAL_RCC_GetSysClockFreq  stm32f0xx_hal_rcc.o
    0x08001734   0x08001734   0x0000054c   Code   RO         2635    i.HAL_RCC_OscConfig  stm32f0xx_hal_rcc.o
    0x08001c80   0x08001c80   0x00000038   Code   RO         3052    i.HAL_SYSTICK_Config  stm32f0xx_hal_cortex.o
    0x08001cb8   0x08001cb8   0x00000002   Code   RO         2388    i.HAL_TIMEx_BreakCallback  stm32f0xx_hal_tim_ex.o
    0x08001cba   0x08001cba   0x00000002   Code   RO         2389    i.HAL_TIMEx_CommutationCallback  stm32f0xx_hal_tim_ex.o
    0x08001cbc   0x08001cbc   0x000000a6   Code   RO         2390    i.HAL_TIMEx_ConfigBreakDeadTime  stm32f0xx_hal_tim_ex.o
    0x08001d62   0x08001d62   0x00000062   Code   RO         2405    i.HAL_TIMEx_MasterConfigSynchronization  stm32f0xx_hal_tim_ex.o
    0x08001dc4   0x08001dc4   0x00000038   Code   RO         1740    i.HAL_TIM_Base_Init  stm32f0xx_hal_tim.o
    0x08001dfc   0x08001dfc   0x00000068   Code   RO         1011    i.HAL_TIM_Base_MspInit  stm32f0xx_hal_msp.o
    0x08001e64   0x08001e64   0x0000001e   Code   RO         1745    i.HAL_TIM_Base_Start_IT  stm32f0xx_hal_tim.o
    0x08001e82   0x08001e82   0x0000013e   Code   RO         1749    i.HAL_TIM_ConfigClockSource  stm32f0xx_hal_tim.o
    0x08001fc0   0x08001fc0   0x00000002   Code   RO         1771    i.HAL_TIM_IC_CaptureCallback  stm32f0xx_hal_tim.o
    0x08001fc2   0x08001fc2   0x000001c8   Code   RO         1784    i.HAL_TIM_IRQHandler  stm32f0xx_hal_tim.o
    0x0800218a   0x0800218a   0x00000002   PAD
    0x0800218c   0x0800218c   0x00000064   Code   RO         1012    i.HAL_TIM_MspPostInit  stm32f0xx_hal_msp.o
    0x080021f0   0x080021f0   0x00000002   Code   RO         1787    i.HAL_TIM_OC_DelayElapsedCallback  stm32f0xx_hal_tim.o
    0x080021f2   0x080021f2   0x00000112   Code   RO         1808    i.HAL_TIM_PWM_ConfigChannel  stm32f0xx_hal_tim.o
    0x08002304   0x08002304   0x00000038   Code   RO         1811    i.HAL_TIM_PWM_Init  stm32f0xx_hal_tim.o
    0x0800233c   0x0800233c   0x00000002   Code   RO         1813    i.HAL_TIM_PWM_MspInit  stm32f0xx_hal_tim.o
    0x0800233e   0x0800233e   0x00000002   Code   RO         1814    i.HAL_TIM_PWM_PulseFinishedCallback  stm32f0xx_hal_tim.o
    0x08002340   0x08002340   0x0000005c   Code   RO         1815    i.HAL_TIM_PWM_Start  stm32f0xx_hal_tim.o
    0x0800239c   0x0800239c   0x000000a0   Code   RO         1818    i.HAL_TIM_PWM_Stop  stm32f0xx_hal_tim.o
    0x0800243c   0x0800243c   0x0000007c   Code   RO          548    i.HAL_TIM_PeriodElapsedCallback  tim.o
    0x080024b8   0x080024b8   0x00000002   Code   RO         1825    i.HAL_TIM_TriggerCallback  stm32f0xx_hal_tim.o
    0x080024ba   0x080024ba   0x00000004   Code   RO          936    i.HardFault_Handler  stm32f0xx_it.o
    0x080024be   0x080024be   0x00000032   Code   RO         1317    i.I2C_Flush_TXDR    stm32f0xx_hal_i2c.o
    0x080024f0   0x080024f0   0x00000094   Code   RO         1325    i.I2C_IsAcknowledgeFailed  stm32f0xx_hal_i2c.o
    0x08002584   0x08002584   0x00000092   Code   RO         1329    i.I2C_RequestMemoryWrite  stm32f0xx_hal_i2c.o
    0x08002616   0x08002616   0x00000002   PAD
    0x08002618   0x08002618   0x00000030   Code   RO         1332    i.I2C_TransferConfig  stm32f0xx_hal_i2c.o
    0x08002648   0x08002648   0x00000052   Code   RO         1333    i.I2C_WaitOnFlagUntilTimeout  stm32f0xx_hal_i2c.o
    0x0800269a   0x0800269a   0x0000005a   Code   RO         1335    i.I2C_WaitOnSTOPFlagUntilTimeout  stm32f0xx_hal_i2c.o
    0x080026f4   0x080026f4   0x00000060   Code   RO         1336    i.I2C_WaitOnTXISFlagUntilTimeout  stm32f0xx_hal_i2c.o
    0x08002754   0x08002754   0x0000009c   Code   RO          863    i.MX_ADC_Init       main.o
    0x080027f0   0x080027f0   0x00000034   Code   RO          864    i.MX_DMA_Init       main.o
    0x08002824   0x08002824   0x00000148   Code   RO          865    i.MX_GPIO_Init      main.o
    0x0800296c   0x0800296c   0x0000005c   Code   RO          866    i.MX_I2C1_Init      main.o
    0x080029c8   0x080029c8   0x0000011c   Code   RO          867    i.MX_TIM1_Init      main.o
    0x08002ae4   0x08002ae4   0x00000078   Code   RO          868    i.MX_TIM3_Init      main.o
    0x08002b5c   0x08002b5c   0x000002dc   Code   RO           15    i.Motor_SyncRun     bldc.o
    0x08002e38   0x08002e38   0x00000002   Code   RO          937    i.NMI_Handler       stm32f0xx_it.o
    0x08002e3a   0x08002e3a   0x00000002   PAD
    0x08002e3c   0x08002e3c   0x00000078   Code   RO         3054    i.NVIC_SetPriority  stm32f0xx_hal_cortex.o
    0x08002eb4   0x08002eb4   0x00000040   Code   RO          450    i.OLED_Clear        oled.o
    0x08002ef4   0x08002ef4   0x00000074   Code   RO          453    i.OLED_DrawBMP      oled.o
    0x08002f68   0x08002f68   0x000000dc   Code   RO          454    i.OLED_Init         oled.o
    0x08003044   0x08003044   0x0000002e   Code   RO          456    i.OLED_Set_Pos      oled.o
    0x08003072   0x08003072   0x0000001a   Code   RO          461    i.OLED_WR_Byte      oled.o
    0x0800308c   0x0800308c   0x00000002   Code   RO          938    i.PendSV_Handler    stm32f0xx_it.o
    0x0800308e   0x0800308e   0x00000002   Code   RO          939    i.SVC_Handler       stm32f0xx_it.o
    0x08003090   0x08003090   0x00000008   Code   RO          940    i.SysTick_Handler   stm32f0xx_it.o
    0x08003098   0x08003098   0x00000086   Code   RO          869    i.SystemClock_Config  main.o
    0x0800311e   0x0800311e   0x00000002   PAD
    0x08003120   0x08003120   0x00000074   Code   RO         3468    i.SystemInit        system_stm32f0xx.o
    0x08003194   0x08003194   0x00000010   Code   RO          941    i.TIM3_IRQHandler   stm32f0xx_it.o
    0x080031a4   0x080031a4   0x000000a0   Code   RO         1826    i.TIM_Base_SetConfig  stm32f0xx_hal_tim.o
    0x08003244   0x08003244   0x0000001c   Code   RO         1827    i.TIM_CCxChannelCmd  stm32f0xx_hal_tim.o
    0x08003260   0x08003260   0x0000001e   Code   RO         1833    i.TIM_ETR_SetConfig  stm32f0xx_hal_tim.o
    0x0800327e   0x0800327e   0x0000001a   Code   RO         1834    i.TIM_ITRx_SetConfig  stm32f0xx_hal_tim.o
    0x08003298   0x08003298   0x000000a4   Code   RO         1835    i.TIM_OC1_SetConfig  stm32f0xx_hal_tim.o
    0x0800333c   0x0800333c   0x000000b4   Code   RO         1836    i.TIM_OC2_SetConfig  stm32f0xx_hal_tim.o
    0x080033f0   0x080033f0   0x000000b0   Code   RO         1837    i.TIM_OC3_SetConfig  stm32f0xx_hal_tim.o
    0x080034a0   0x080034a0   0x0000007c   Code   RO         1838    i.TIM_OC4_SetConfig  stm32f0xx_hal_tim.o
    0x0800351c   0x0800351c   0x00000036   Code   RO         1840    i.TIM_TI1_ConfigInputStage  stm32f0xx_hal_tim.o
    0x08003552   0x08003552   0x00000036   Code   RO         1842    i.TIM_TI2_ConfigInputStage  stm32f0xx_hal_tim.o
    0x08003588   0x08003588   0x00000040   Code   RO           16    i.U_INTERRUPT       bldc.o
    0x080035c8   0x080035c8   0x00000040   Code   RO           17    i.V_INTERRUPT       bldc.o
    0x08003608   0x08003608   0x00000040   Code   RO           18    i.W_INTERRUPT       bldc.o
    0x08003648   0x08003648   0x00000228   Code   RO           19    i._U_commutation    bldc.o
    0x08003870   0x08003870   0x00000228   Code   RO           20    i._V_commutation    bldc.o
    0x08003a98   0x08003a98   0x00000228   Code   RO           21    i._W_commutation    bldc.o
    0x08003cc0   0x08003cc0   0x0000001c   Code   RO          138    i.__ARM_common_switch8  bldc.o
    0x08003cdc   0x08003cdc   0x0000000e   Code   RO         3542    i.__scatterload_copy  mc_p.l(handlers.o)
    0x08003cea   0x08003cea   0x00000002   Code   RO         3543    i.__scatterload_null  mc_p.l(handlers.o)
    0x08003cec   0x08003cec   0x0000000e   Code   RO         3544    i.__scatterload_zeroinit  mc_p.l(handlers.o)
    0x08003cfa   0x08003cfa   0x00000002   PAD
    0x08003cfc   0x08003cfc   0x00000098   Code   RO          594    i.calc_bat_quantity  ctrl.o
    0x08003d94   0x08003d94   0x00000040   Code   RO          595    i.calc_bus_current  ctrl.o
    0x08003dd4   0x08003dd4   0x000000ac   Code   RO          596    i.calc_given_speed  ctrl.o
    0x08003e80   0x08003e80   0x00000030   Code   RO          597    i.case_err          ctrl.o
    0x08003eb0   0x08003eb0   0x00000040   Code   RO          598    i.case_idle         ctrl.o
    0x08003ef0   0x08003ef0   0x000000dc   Code   RO          599    i.case_start        ctrl.o
    0x08003fcc   0x08003fcc   0x00000060   Code   RO          600    i.case_stop         ctrl.o
    0x0800402c   0x0800402c   0x000000b4   Code   RO          601    i.case_work         ctrl.o
    0x080040e0   0x080040e0   0x0000000c   Code   RO          602    i.clean_force_comm_counter  ctrl.o
    0x080040ec   0x080040ec   0x0000000c   Code   RO          603    i.clear_err         ctrl.o
    0x080040f8   0x080040f8   0x00000038   Code   RO          789    i.dis_refresh_battary  display.o
    0x08004130   0x08004130   0x000000b4   Code   RO          790    i.dis_refresh_error  display.o
    0x080041e4   0x080041e4   0x00000044   Code   RO          791    i.dis_refresh_roll_direction  display.o
    0x08004228   0x08004228   0x000000b4   Code   RO          792    i.dis_refresh_speed  display.o
    0x080042dc   0x080042dc   0x00000014   Code   RO           23    i.do_exti_handler   bldc.o
    0x080042f0   0x080042f0   0x00000044   Code   RO          604    i.do_input_sync     ctrl.o
    0x08004334   0x08004334   0x00000018   Code   RO          605    i.do_motor_fucn_case  ctrl.o
    0x0800434c   0x0800434c   0x00000088   Code   RO          606    i.do_refresh_oled   ctrl.o
    0x080043d4   0x080043d4   0x0000003c   Code   RO          607    i.force_commutate   ctrl.o
    0x08004410   0x08004410   0x00000016   Code   RO           25    i.get_bemf_U_stat   bldc.o
    0x08004426   0x08004426   0x00000016   Code   RO           26    i.get_bemf_V_stat   bldc.o
    0x0800443c   0x0800443c   0x00000016   Code   RO           27    i.get_bemf_W_stat   bldc.o
    0x08004452   0x08004452   0x00000002   Code   RO           28    i.get_commutation_counter  bldc.o
    0x08004454   0x08004454   0x0000000c   Code   RO          608    i.get_current_dir   ctrl.o
    0x08004460   0x08004460   0x0000000c   Code   RO          609    i.get_current_phase  ctrl.o
    0x0800446c   0x0800446c   0x00000018   Code   RO          610    i.get_dir_set       ctrl.o
    0x08004484   0x08004484   0x0000000c   Code   RO          611    i.get_err           ctrl.o
    0x08004490   0x08004490   0x0000000c   Code   RO           29    i.get_lastet_pwm_duty  bldc.o
    0x0800449c   0x0800449c   0x00000028   Code   RO          384    i.i2c_write_command  iic.o
    0x080044c4   0x080044c4   0x00000028   Code   RO          385    i.i2c_write_data    iic.o
    0x080044ec   0x080044ec   0x00000010   Code   RO          549    i.isCountTo10ms     tim.o
    0x080044fc   0x080044fc   0x00000010   Code   RO          550    i.isCountTo1s       tim.o
    0x0800450c   0x0800450c   0x00000014   Code   RO          612    i.isDisconnectCurrent  ctrl.o
    0x08004520   0x08004520   0x0000000c   Code   RO          613    i.isForceCommutateErr  ctrl.o
    0x0800452c   0x0800452c   0x00000018   Code   RO          614    i.isOverCurrent     ctrl.o
    0x08004544   0x08004544   0x00000018   Code   RO          615    i.isPowerSwitchOFF  ctrl.o
    0x0800455c   0x0800455c   0x00000018   Code   RO          616    i.isReleaseCurrent  ctrl.o
    0x08004574   0x08004574   0x00000014   Code   RO           30    i.isStartSuccess    bldc.o
    0x08004588   0x08004588   0x00000016   Code   RO          617    i.lock_power        ctrl.o
    0x0800459e   0x0800459e   0x00000002   PAD
    0x080045a0   0x080045a0   0x00000068   Code   RO          870    i.main              main.o
    0x08004608   0x08004608   0x00000010   Code   RO          618    i.main_thread       ctrl.o
    0x08004618   0x08004618   0x000000be   Code   RO          356    i.pid_controller    calc.o
    0x080046d6   0x080046d6   0x00000002   PAD
    0x080046d8   0x080046d8   0x00000014   Code   RO          619    i.power_off         ctrl.o
    0x080046ec   0x080046ec   0x00000014   Code   RO          620    i.power_on          ctrl.o
    0x08004700   0x08004700   0x0000000c   Code   RO          621    i.set_current_phase  ctrl.o
    0x0800470c   0x0800470c   0x0000001c   Code   RO           31    i.set_pwm_duty      bldc.o
    0x08004728   0x08004728   0x000000c4   Code   RO          622    i.speed_controller  ctrl.o
    0x080047ec   0x080047ec   0x00000050   Code   RO          623    i.speed_controller_params_init  ctrl.o
    0x0800483c   0x0800483c   0x00000018   Code   RO          624    i.start_to_get_adc  ctrl.o
    0x08004854   0x08004854   0x000016cc   Data   RO          841    .constdata          image.o
    0x08005f20   0x08005f20   0x00000018   Data   RO         3469    .constdata          system_stm32f0xx.o
    0x08005f38   0x08005f38   0x00000020   Data   RO         3540    Region$$Table       anon$$obj.o


    Execution Region RW_IRAM1 (Exec base: 0x20000000, Load base: 0x08005f58, Size: 0x000006a8, Max: 0x00001000, ABSOLUTE)

    Exec Addr    Load Addr    Size         Type   Attr      Idx    E Section Name        Object

    0x20000000   0x08005f58   0x00000018   Data   RW           32    .data               bldc.o
    0x20000018   0x08005f70   0x00000005   Data   RW          551    .data               tim.o
    0x2000001d   0x08005f75   0x00000003   PAD
    0x20000020   0x08005f78   0x0000003b   Data   RW          626    .data               ctrl.o
    0x2000005b   0x08005fb3   0x00000019   Data   RW          793    .data               display.o
    0x20000074   0x08005fcc   0x00000058   Data   RW          842    .data               image.o
    0x200000cc   0x08006024   0x00000004   Data   RW         2767    .data               stm32f0xx_hal.o
    0x200000d0   0x08006028   0x00000004   Data   RW         3470    .data               system_stm32f0xx.o
    0x200000d4        -       0x00000078   Zero   RW          625    .bss                ctrl.o
    0x2000014c        -       0x0000015c   Zero   RW          871    .bss                main.o
    0x200002a8        -       0x00000400   Zero   RW            1    STACK               startup_stm32f031x6.o


==============================================================================

Image component sizes


      Code (inc. data)   RO Data    RW Data    ZI Data      Debug   Object Name

      2768         98          0         24          0     238555   bldc.o
         0          0          0          0          0     266920   bsp.o
       190          0          0          0          0       1517   calc.o
      1862        276          0         59        120      18256   ctrl.o
       484         52          0         25          0       3350   display.o
        80         12          0          0          0        909   iic.o
         0          0       5836         88          0       1813   image.o
      1272         80          0          0        348       5402   main.o
       472          0          0          0          0       2806   oled.o
        28          8        176          0       1024        616   startup_stm32f031x6.o
       130         14          0          4          0       3527   stm32f0xx_hal.o
      1464         54          0          0          0       7249   stm32f0xx_hal_adc.o
       218         26          0          0          0       8893   stm32f0xx_hal_cortex.o
       568         10          0          0          0       3855   stm32f0xx_hal_dma.o
       542         26          0          0          0       3358   stm32f0xx_hal_gpio.o
      1324         20          0          0          0       8995   stm32f0xx_hal_i2c.o
       224          0          0          0          0       1859   stm32f0xx_hal_i2c_ex.o
       584         58          0          0          0       3422   stm32f0xx_hal_msp.o
      1968         90          0          0          0       4302   stm32f0xx_hal_rcc.o
       336         14          0          0          0       1360   stm32f0xx_hal_rcc_ex.o
      2448        100          0          0          0      15603   stm32f0xx_hal_tim.o
       268          0          0          0          0       2962   stm32f0xx_hal_tim_ex.o
        76         12          0          0          0       3774   stm32f0xx_it.o
       116         12         24          4          0       1095   system_stm32f0xx.o
       156         34          0          5          0       1942   tim.o

    ----------------------------------------------------------------------
     17604        996       6068        212       1492     612340   Object Totals
         0          0         32          0          0          0   (incl. Generated)
        26          0          0          3          0          0   (incl. Padding)

    ----------------------------------------------------------------------

      Code (inc. data)   RO Data    RW Data    ZI Data      Debug   Library Member Name

         0          0          0          0          0          0   entry.o
         0          0          0          0          0          0   entry10a.o
         0          0          0          0          0          0   entry11a.o
         8          4          0          0          0          0   entry2.o
         4          0          0          0          0          0   entry5.o
         0          0          0          0          0          0   entry7b.o
         0          0          0          0          0          0   entry8b.o
         8          4          0          0          0          0   entry9a.o
        30          0          0          0          0          0   handlers.o
        40          0          0          0          0         72   idiv.o
        36          8          0          0          0         68   init.o
         0          0          0          0          0          0   iusefp.o
        36          0          0          0          0        100   memseta.o
        44          0          0          0          0         72   uidiv.o
        20          0          0          0          0         68   cfcmple.o
        20          0          0          0          0         68   cfrcmple.o
       178          0          0          0          0        108   fadd.o
       130          0          0          0          0        144   fepilogue.o
        40          0          0          0          0         60   ffixui.o
        14          0          0          0          0         68   ffltui.o
       122          0          0          0          0         72   fmul.o

    ----------------------------------------------------------------------
       736         16          0          0          0        900   Library Totals
         6          0          0          0          0          0   (incl. Padding)

    ----------------------------------------------------------------------

      Code (inc. data)   RO Data    RW Data    ZI Data      Debug   Library Name

       206         16          0          0          0        312   mc_p.l
       524          0          0          0          0        588   mf_p.l

    ----------------------------------------------------------------------
       736         16          0          0          0        900   Library Totals

    ----------------------------------------------------------------------

==============================================================================


      Code (inc. data)   RO Data    RW Data    ZI Data      Debug   

     18340       1012       6068        212       1492     606336   Grand Totals
     18340       1012       6068        212       1492     606336   ELF Image Totals
     18340       1012       6068        212          0          0   ROM Totals

==============================================================================

    Total RO  Size (Code + RO Data)                24408 (  23.84kB)
    Total RW  Size (RW Data + ZI Data)              1704 (   1.66kB)
    Total ROM Size (Code + RO Data + RW Data)      24620 (  24.04kB)

==============================================================================

